2026-02-20 07:23:51 |WARNING |Bot initialized in PRODUCTION mode. REAL FUNDS AT RISK.
2026-02-20 07:23:51 |INFO |Bot starting... ChainID: 42161
2026-02-20 07:23:51 |INFO |Loading 1 pools 
2026-02-20 07:23:52 |INFO |✅ Pool loaded: UNI-V2 | Tokens: 0x912CE59144191C1204E64559FE8253a0e49E6548 - 0xaf88d065e77c8cC2239327C5EDb3A432268e5831
2026-02-20 07:23:52 |INFO |Initializing router with 1 pairs
2026-02-20 07:23:52 |INFO |DEBUG: Syncing balances (Possible blocking point)...
2026-02-20 07:23:52 |INFO |DEBUG: Fetching CEX balances...
2026-02-20 07:23:52 |INFO |Starting pricing engine...
2026-02-20 07:23:52 |INFO |Connecting to Mempool: wss://arbitrum-one-rpc.publicnode.com
2026-02-20 07:23:52 |INFO |Daily summary task scheduled for 18:00 UTC
2026-02-20 07:23:53 |INFO |DEBUG: Updating inventory...
2026-02-20 07:23:53 |INFO |DEBUG: Balances updated.
2026-02-20 07:23:53 |INFO |DEBUG: Balances synced. Entering main loop...
2026-02-20 07:23:53 |INFO |DEBUG: Tick start...
2026-02-20 07:23:53 |INFO |DEBUG: Generating signal for ARB/USDC...
2026-02-20 07:23:53 |INFO |Subscription response: {"jsonrpc":"2.0","result":"0xf3695b4b69c76de19e5cdeb43ab68e32","id":1}

2026-02-20 07:23:58 |INFO |DEBUG PRICE: ARB/USDC | Size: 90.0 | CEX 0.0962/0.0963 | DEX Buy:0.0968 Sell:0.0962 | Sprd A (C->D): -13.72bps | Sprd B (D->C): -61.20bps
2026-02-20 07:23:58 |INFO |DEBUG: No signal generated (Spread too low or negative?)
2026-02-20 07:23:58 |INFO |DEBUG: Tick end. Sleeping 1s...
2026-02-20 07:23:59 |INFO |DEBUG: Tick start...
2026-02-20 07:23:59 |INFO |DEBUG: Generating signal for ARB/USDC...
2026-02-20 07:24:04 |INFO |DEBUG PRICE: ARB/USDC | Size: 90.0 | CEX 0.0962/0.0963 | DEX Buy:0.0968 Sell:0.0962 | Sprd A (C->D): -13.72bps | Sprd B (D->C): -61.20bps
2026-02-20 07:24:04 |INFO |DEBUG: No signal generated (Spread too low or negative?)
2026-02-20 07:24:04 |INFO |DEBUG: Tick end. Sleeping 1s...
2026-02-20 07:24:05 |INFO |DEBUG: Tick start...
2026-02-20 07:24:05 |INFO |DEBUG: Generating signal for ARB/USDC...
2026-02-20 07:24:10 |INFO |DEBUG PRICE: ARB/USDC | Size: 90.0 | CEX 0.0962/0.0963 | DEX Buy:0.0968 Sell:0.0962 | Sprd A (C->D): -13.72bps | Sprd B (D->C): -61.20bps
2026-02-20 07:24:10 |INFO |DEBUG: No signal generated (Spread too low or negative?)
2026-02-20 07:24:10 |INFO |DEBUG: Tick end. Sleeping 1s...
2026-02-20 07:24:11 |INFO |DEBUG: Tick start...
2026-02-20 07:24:11 |INFO |DEBUG: Generating signal for ARB/USDC...
2026-02-20 07:24:16 |INFO |DEBUG PRICE: ARB/USDC | Size: 90.0 | CEX 0.0962/0.0963 | DEX Buy:0.0968 Sell:0.0962 | Sprd A (C->D): -13.72bps | Sprd B (D->C): -61.20bps
2026-02-20 07:24:16 |INFO |DEBUG: No signal generated (Spread too low or negative?)
2026-02-20 07:24:16 |INFO |DEBUG: Tick end. Sleeping 1s...
2026-02-20 07:24:17 |INFO |DEBUG: Tick start...
2026-02-20 07:24:17 |INFO |DEBUG: Generating signal for ARB/USDC...
2026-02-20 07:24:22 |INFO |DEBUG PRICE: ARB/USDC | Size: 90.0 | CEX 0.0962/0.0963 | DEX Buy:0.0968 Sell:0.0962 | Sprd A (C->D): -13.72bps | Sprd B (D->C): -61.20bps
2026-02-20 07:24:22 |INFO |DEBUG: No signal generated (Spread too low or negative?)
2026-02-20 07:24:22 |INFO |DEBUG: Tick end. Sleeping 1s...
2026-02-20 07:24:23 |INFO |DEBUG: Tick start...
2026-02-20 07:24:23 |INFO |DEBUG: Generating signal for ARB/USDC...
2026-02-20 07:24:27 |INFO |DEBUG PRICE: ARB/USDC | Size: 90.0 | CEX 0.0962/0.0963 | DEX Buy:0.0968 Sell:0.0962 | Sprd A (C->D): -13.72bps | Sprd B (D->C): -61.20bps
2026-02-20 07:24:27 |INFO |DEBUG: No signal generated (Spread too low or negative?)
2026-02-20 07:24:27 |INFO |DEBUG: Tick end. Sleeping 1s...
2026-02-20 07:24:28 |INFO |DEBUG: Tick start...
2026-02-20 07:24:28 |INFO |DEBUG: Generating signal for ARB/USDC...
2026-02-20 07:24:33 |INFO |DEBUG PRICE: ARB/USDC | Size: 90.0 | CEX 0.0962/0.0963 | DEX Buy:0.0968 Sell:0.0962 | Sprd A (C->D): -13.72bps | Sprd B (D->C): -61.20bps
2026-02-20 07:24:33 |INFO |DEBUG: No signal generated (Spread too low or negative?)
2026-02-20 07:24:33 |INFO |DEBUG: Tick end. Sleeping 1s...
2026-02-20 07:24:34 |INFO |DEBUG: Tick start...
2026-02-20 07:24:34 |INFO |DEBUG: Generating signal for ARB/USDC...
2026-02-20 07:24:38 |INFO |DEBUG PRICE: ARB/USDC | Size: 90.0 | CEX 0.0962/0.0963 | DEX Buy:0.0968 Sell:0.0962 | Sprd A (C->D): -13.72bps | Sprd B (D->C): -61.20bps
2026-02-20 07:24:38 |INFO |DEBUG: No signal generated (Spread too low or negative?)
2026-02-20 07:24:38 |INFO |DEBUG: Tick end. Sleeping 1s...
2026-02-20 07:24:39 |INFO |DEBUG: Tick start...
2026-02-20 07:24:39 |INFO |DEBUG: Generating signal for ARB/USDC...
2026-02-20 07:24:44 |INFO |DEBUG PRICE: ARB/USDC | Size: 90.0 | CEX 0.0962/0.0963 | DEX Buy:0.0968 Sell:0.0962 | Sprd A (C->D): -13.72bps | Sprd B (D->C): -61.20bps
2026-02-20 07:24:44 |INFO |DEBUG: No signal generated (Spread too low or negative?)
2026-02-20 07:24:44 |INFO |DEBUG: Tick end. Sleeping 1s...
2026-02-20 07:24:45 |INFO |DEBUG: Tick start...
2026-02-20 07:24:45 |INFO |DEBUG: Generating signal for ARB/USDC...
2026-02-20 07:24:49 |INFO |DEBUG PRICE: ARB/USDC | Size: 90.0 | CEX 0.0962/0.0963 | DEX Buy:0.0968 Sell:0.0962 | Sprd A (C->D): -13.72bps | Sprd B (D->C): -61.20bps
2026-02-20 07:24:49 |INFO |DEBUG: No signal generated (Spread too low or negative?)
2026-02-20 07:24:49 |INFO |DEBUG: Tick end. Sleeping 1s...
2026-02-20 07:24:50 |INFO |DEBUG: Tick start...
2026-02-20 07:24:50 |INFO |DEBUG: Generating signal for ARB/USDC...
2026-02-20 07:24:55 |INFO |DEBUG PRICE: ARB/USDC | Size: 90.0 | CEX 0.0962/0.0963 | DEX Buy:0.0968 Sell:0.0962 | Sprd A (C->D): -13.72bps | Sprd B (D->C): -61.20bps
2026-02-20 07:24:55 |INFO |DEBUG: No signal generated (Spread too low or negative?)
2026-02-20 07:24:55 |INFO |DEBUG: Tick end. Sleeping 1s...
2026-02-20 07:24:56 |INFO |DEBUG: Tick start...
2026-02-20 07:24:56 |INFO |DEBUG: Generating signal for ARB/USDC...
2026-02-20 07:25:00 |INFO |DEBUG PRICE: ARB/USDC | Size: 90.0 | CEX 0.0962/0.0963 | DEX Buy:0.0968 Sell:0.0962 | Sprd A (C->D): -13.72bps | Sprd B (D->C): -61.20bps
2026-02-20 07:25:00 |INFO |DEBUG: No signal generated (Spread too low or negative?)
2026-02-20 07:25:00 |INFO |DEBUG: Tick end. Sleeping 1s...
2026-02-20 07:25:01 |INFO |DEBUG: Tick start...
2026-02-20 07:25:01 |INFO |DEBUG: Generating signal for ARB/USDC...
2026-02-20 07:25:06 |INFO |DEBUG PRICE: ARB/USDC | Size: 90.0 | CEX 0.0962/0.0963 | DEX Buy:0.0968 Sell:0.0962 | Sprd A (C->D): -13.72bps | Sprd B (D->C): -61.20bps
2026-02-20 07:25:06 |INFO |DEBUG: No signal generated (Spread too low or negative?)
2026-02-20 07:25:06 |INFO |DEBUG: Tick end. Sleeping 1s...
2026-02-20 07:25:07 |INFO |DEBUG: Tick start...
2026-02-20 07:25:07 |INFO |DEBUG: Generating signal for ARB/USDC...
2026-02-20 07:25:13 |INFO |DEBUG PRICE: ARB/USDC | Size: 90.0 | CEX 0.0962/0.0963 | DEX Buy:0.0968 Sell:0.0962 | Sprd A (C->D): -13.72bps | Sprd B (D->C): -61.20bps
2026-02-20 07:25:13 |INFO |DEBUG: No signal generated (Spread too low or negative?)
2026-02-20 07:25:13 |INFO |DEBUG: Tick end. Sleeping 1s...
2026-02-20 07:25:14 |INFO |DEBUG: Tick start...
2026-02-20 07:25:14 |INFO |DEBUG: Generating signal for ARB/USDC...
2026-02-20 07:25:19 |INFO |DEBUG PRICE: ARB/USDC | Size: 90.0 | CEX 0.0962/0.0963 | DEX Buy:0.0968 Sell:0.0962 | Sprd A (C->D): -13.72bps | Sprd B (D->C): -61.20bps
2026-02-20 07:25:19 |INFO |DEBUG: No signal generated (Spread too low or negative?)
2026-02-20 07:25:19 |INFO |DEBUG: Tick end. Sleeping 1s...
2026-02-20 07:25:20 |INFO |DEBUG: Tick start...
2026-02-20 07:25:20 |INFO |DEBUG: Generating signal for ARB/USDC...
2026-02-20 07:25:24 |INFO |DEBUG PRICE: ARB/USDC | Size: 90.0 | CEX 0.0962/0.0963 | DEX Buy:0.0968 Sell:0.0962 | Sprd A (C->D): -13.72bps | Sprd B (D->C): -61.20bps
2026-02-20 07:25:24 |INFO |DEBUG: No signal generated (Spread too low or negative?)
2026-02-20 07:25:24 |INFO |DEBUG: Tick end. Sleeping 1s...
2026-02-20 07:25:25 |INFO |DEBUG: Tick start...
2026-02-20 07:25:25 |INFO |DEBUG: Generating signal for ARB/USDC...
2026-02-20 07:25:30 |INFO |DEBUG PRICE: ARB/USDC | Size: 90.0 | CEX 0.0962/0.0963 | DEX Buy:0.0968 Sell:0.0962 | Sprd A (C->D): -13.72bps | Sprd B (D->C): -61.20bps
2026-02-20 07:25:30 |INFO |DEBUG: No signal generated (Spread too low or negative?)
2026-02-20 07:25:30 |INFO |DEBUG: Tick end. Sleeping 1s...
2026-02-20 07:25:30 |ERROR |Connection lost: received 1013 (try again later) Connection timeout exceeded; then sent 1013 (try again later) Connection timeout exceeded. Reconnecting in 5s...
2026-02-20 07:25:31 |INFO |DEBUG: Tick start...
2026-02-20 07:25:31 |INFO |DEBUG: Generating signal for ARB/USDC...
2026-02-20 07:25:35 |INFO |DEBUG PRICE: ARB/USDC | Size: 90.0 | CEX 0.0962/0.0963 | DEX Buy:0.0968 Sell:0.0962 | Sprd A (C->D): -13.72bps | Sprd B (D->C): -61.20bps
2026-02-20 07:25:35 |INFO |DEBUG: No signal generated (Spread too low or negative?)
2026-02-20 07:25:35 |INFO |DEBUG: Tick end. Sleeping 1s...
2026-02-20 07:25:36 |INFO |Subscription response: {"jsonrpc":"2.0","result":"0xa90130beb9f399653da08498289acc88","id":1}

2026-02-20 07:25:36 |INFO |DEBUG: Tick start...
2026-02-20 07:25:36 |INFO |DEBUG: Generating signal for ARB/USDC...
2026-02-20 07:25:41 |INFO |DEBUG PRICE: ARB/USDC | Size: 90.0 | CEX 0.0962/0.0963 | DEX Buy:0.0968 Sell:0.0962 | Sprd A (C->D): -13.72bps | Sprd B (D->C): -61.20bps
2026-02-20 07:25:41 |INFO |DEBUG: No signal generated (Spread too low or negative?)
2026-02-20 07:25:41 |INFO |DEBUG: Tick end. Sleeping 1s...
2026-02-20 07:25:42 |INFO |DEBUG: Tick start...
2026-02-20 07:25:42 |INFO |DEBUG: Generating signal for ARB/USDC...
2026-02-20 07:25:47 |INFO |DEBUG PRICE: ARB/USDC | Size: 90.0 | CEX 0.0962/0.0963 | DEX Buy:0.0968 Sell:0.0962 | Sprd A (C->D): -13.72bps | Sprd B (D->C): -61.20bps
2026-02-20 07:25:47 |INFO |DEBUG: No signal generated (Spread too low or negative?)
2026-02-20 07:25:47 |INFO |DEBUG: Tick end. Sleeping 1s...
2026-02-20 07:25:48 |INFO |DEBUG: Tick start...
2026-02-20 07:25:48 |INFO |DEBUG: Generating signal for ARB/USDC...
2026-02-20 07:25:53 |INFO |DEBUG PRICE: ARB/USDC | Size: 90.0 | CEX 0.0962/0.0963 | DEX Buy:0.0968 Sell:0.0962 | Sprd A (C->D): -13.72bps | Sprd B (D->C): -61.20bps
2026-02-20 07:25:53 |INFO |DEBUG: No signal generated (Spread too low or negative?)
2026-02-20 07:25:53 |INFO |DEBUG: Tick end. Sleeping 1s...
2026-02-20 07:25:54 |INFO |DEBUG: Tick start...
2026-02-20 07:25:54 |INFO |DEBUG: Generating signal for ARB/USDC...
2026-02-20 07:25:59 |INFO |DEBUG PRICE: ARB/USDC | Size: 90.0 | CEX 0.0962/0.0963 | DEX Buy:0.0968 Sell:0.0962 | Sprd A (C->D): -13.72bps | Sprd B (D->C): -61.20bps
2026-02-20 07:25:59 |INFO |DEBUG: No signal generated (Spread too low or negative?)
2026-02-20 07:25:59 |INFO |DEBUG: Tick end. Sleeping 1s...
2026-02-20 07:26:00 |INFO |DEBUG: Tick start...
2026-02-20 07:26:00 |INFO |DEBUG: Generating signal for ARB/USDC...
2026-02-20 07:26:04 |INFO |DEBUG PRICE: ARB/USDC | Size: 90.0 | CEX 0.0961/0.0962 | DEX Buy:0.0968 Sell:0.0962 | Sprd A (C->D): -3.34bps | Sprd B (D->C): -71.53bps
2026-02-20 07:26:04 |INFO |DEBUG: No signal generated (Spread too low or negative?)
2026-02-20 07:26:04 |INFO |DEBUG: Tick end. Sleeping 1s...
2026-02-20 07:26:05 |INFO |DEBUG: Tick start...
2026-02-20 07:26:05 |INFO |DEBUG: Generating signal for ARB/USDC...
2026-02-20 07:26:10 |INFO |DEBUG PRICE: ARB/USDC | Size: 90.0 | CEX 0.0961/0.0962 | DEX Buy:0.0968 Sell:0.0962 | Sprd A (C->D): -3.34bps | Sprd B (D->C): -71.53bps
2026-02-20 07:26:10 |INFO |DEBUG: No signal generated (Spread too low or negative?)
2026-02-20 07:26:10 |INFO |DEBUG: Tick end. Sleeping 1s...
2026-02-20 07:26:11 |INFO |DEBUG: Tick start...
2026-02-20 07:26:11 |INFO |DEBUG: Generating signal for ARB/USDC...
2026-02-20 07:26:16 |INFO |DEBUG PRICE: ARB/USDC | Size: 90.0 | CEX 0.0961/0.0962 | DEX Buy:0.0968 Sell:0.0962 | Sprd A (C->D): -3.34bps | Sprd B (D->C): -71.53bps
2026-02-20 07:26:16 |INFO |DEBUG: No signal generated (Spread too low or negative?)
2026-02-20 07:26:16 |INFO |DEBUG: Tick end. Sleeping 1s...
2026-02-20 07:26:17 |INFO |DEBUG: Tick start...
2026-02-20 07:26:17 |INFO |DEBUG: Generating signal for ARB/USDC...
2026-02-20 07:26:22 |INFO |DEBUG PRICE: ARB/USDC | Size: 90.0 | CEX 0.0961/0.0962 | DEX Buy:0.0968 Sell:0.0962 | Sprd A (C->D): -3.34bps | Sprd B (D->C): -71.53bps
2026-02-20 07:26:22 |INFO |DEBUG: No signal generated (Spread too low or negative?)
2026-02-20 07:26:22 |INFO |DEBUG: Tick end. Sleeping 1s...
2026-02-20 07:26:23 |INFO |DEBUG: Tick start...
2026-02-20 07:26:23 |INFO |DEBUG: Generating signal for ARB/USDC...
2026-02-20 07:26:28 |INFO |DEBUG PRICE: ARB/USDC | Size: 90.0 | CEX 0.0961/0.0962 | DEX Buy:0.0968 Sell:0.0962 | Sprd A (C->D): -3.34bps | Sprd B (D->C): -71.53bps
2026-02-20 07:26:28 |INFO |DEBUG: No signal generated (Spread too low or negative?)
2026-02-20 07:26:28 |INFO |DEBUG: Tick end. Sleeping 1s...
2026-02-20 07:26:29 |INFO |DEBUG: Tick start...
2026-02-20 07:26:29 |INFO |DEBUG: Generating signal for ARB/USDC...
2026-02-20 07:26:33 |INFO |DEBUG PRICE: ARB/USDC | Size: 90.0 | CEX 0.0961/0.0962 | DEX Buy:0.0968 Sell:0.0962 | Sprd A (C->D): -3.34bps | Sprd B (D->C): -71.53bps
2026-02-20 07:26:33 |INFO |DEBUG: No signal generated (Spread too low or negative?)
2026-02-20 07:26:33 |INFO |DEBUG: Tick end. Sleeping 1s...
2026-02-20 07:26:34 |INFO |DEBUG: Tick start...
2026-02-20 07:26:34 |INFO |DEBUG: Generating signal for ARB/USDC...
2026-02-20 07:26:39 |INFO |DEBUG PRICE: ARB/USDC | Size: 90.0 | CEX 0.0962/0.0963 | DEX Buy:0.0968 Sell:0.0962 | Sprd A (C->D): -13.72bps | Sprd B (D->C): -61.20bps
2026-02-20 07:26:39 |INFO |DEBUG: No signal generated (Spread too low or negative?)
2026-02-20 07:26:39 |INFO |DEBUG: Tick end. Sleeping 1s...
2026-02-20 07:26:40 |INFO |DEBUG: Tick start...
2026-02-20 07:26:40 |INFO |DEBUG: Generating signal for ARB/USDC...
2026-02-20 07:26:45 |INFO |DEBUG PRICE: ARB/USDC | Size: 90.0 | CEX 0.0962/0.0963 | DEX Buy:0.0968 Sell:0.0962 | Sprd A (C->D): -13.72bps | Sprd B (D->C): -61.20bps
2026-02-20 07:26:45 |INFO |DEBUG: No signal generated (Spread too low or negative?)
2026-02-20 07:26:45 |INFO |DEBUG: Tick end. Sleeping 1s...
2026-02-20 07:26:46 |INFO |DEBUG: Tick start...
2026-02-20 07:26:46 |INFO |DEBUG: Generating signal for ARB/USDC...
2026-02-20 07:26:50 |INFO |DEBUG PRICE: ARB/USDC | Size: 90.0 | CEX 0.0962/0.0963 | DEX Buy:0.0968 Sell:0.0962 | Sprd A (C->D): -13.72bps | Sprd B (D->C): -61.20bps
2026-02-20 07:26:50 |INFO |DEBUG: No signal generated (Spread too low or negative?)
2026-02-20 07:26:50 |INFO |DEBUG: Tick end. Sleeping 1s...
2026-02-20 07:26:52 |INFO |DEBUG: Tick start...
2026-02-20 07:26:52 |INFO |DEBUG: Generating signal for ARB/USDC...
2026-02-20 07:26:57 |INFO |DEBUG PRICE: ARB/USDC | Size: 90.0 | CEX 0.0962/0.0963 | DEX Buy:0.0968 Sell:0.0962 | Sprd A (C->D): -13.72bps | Sprd B (D->C): -61.20bps
2026-02-20 07:26:57 |INFO |DEBUG: No signal generated (Spread too low or negative?)
2026-02-20 07:26:57 |INFO |DEBUG: Tick end. Sleeping 1s...
2026-02-20 07:26:58 |INFO |DEBUG: Tick start...
2026-02-20 07:26:58 |INFO |DEBUG: Generating signal for ARB/USDC...
2026-02-20 07:27:03 |INFO |DEBUG PRICE: ARB/USDC | Size: 90.0 | CEX 0.0962/0.0963 | DEX Buy:0.0968 Sell:0.0962 | Sprd A (C->D): -13.72bps | Sprd B (D->C): -61.20bps
2026-02-20 07:27:03 |INFO |DEBUG: No signal generated (Spread too low or negative?)
2026-02-20 07:27:03 |INFO |DEBUG: Tick end. Sleeping 1s...
2026-02-20 07:27:04 |INFO |DEBUG: Tick start...
2026-02-20 07:27:04 |INFO |DEBUG: Generating signal for ARB/USDC...
2026-02-20 07:27:08 |INFO |DEBUG PRICE: ARB/USDC | Size: 90.0 | CEX 0.0962/0.0963 | DEX Buy:0.0968 Sell:0.0962 | Sprd A (C->D): -13.72bps | Sprd B (D->C): -61.20bps
2026-02-20 07:27:08 |INFO |DEBUG: No signal generated (Spread too low or negative?)
2026-02-20 07:27:08 |INFO |DEBUG: Tick end. Sleeping 1s...
2026-02-20 07:27:09 |INFO |DEBUG: Tick start...
2026-02-20 07:27:09 |INFO |DEBUG: Generating signal for ARB/USDC...
2026-02-20 07:27:14 |INFO |DEBUG PRICE: ARB/USDC | Size: 90.0 | CEX 0.0962/0.0963 | DEX Buy:0.0968 Sell:0.0962 | Sprd A (C->D): -13.72bps | Sprd B (D->C): -61.20bps
2026-02-20 07:27:14 |INFO |DEBUG: No signal generated (Spread too low or negative?)
2026-02-20 07:27:14 |INFO |DEBUG: Tick end. Sleeping 1s...
2026-02-20 07:27:15 |INFO |DEBUG: Tick start...
2026-02-20 07:27:15 |INFO |DEBUG: Generating signal for ARB/USDC...
2026-02-20 07:27:20 |INFO |DEBUG PRICE: ARB/USDC | Size: 90.0 | CEX 0.0962/0.0963 | DEX Buy:0.0968 Sell:0.0962 | Sprd A (C->D): -13.72bps | Sprd B (D->C): -61.20bps
2026-02-20 07:27:20 |INFO |DEBUG: No signal generated (Spread too low or negative?)
2026-02-20 07:27:20 |INFO |DEBUG: Tick end. Sleeping 1s...
2026-02-20 07:27:21 |INFO |DEBUG: Tick start...
2026-02-20 07:27:21 |INFO |DEBUG: Generating signal for ARB/USDC...
2026-02-20 07:27:26 |INFO |DEBUG PRICE: ARB/USDC | Size: 90.0 | CEX 0.0962/0.0963 | DEX Buy:0.0968 Sell:0.0962 | Sprd A (C->D): -13.72bps | Sprd B (D->C): -61.20bps
2026-02-20 07:27:26 |INFO |DEBUG: No signal generated (Spread too low or negative?)
2026-02-20 07:27:26 |INFO |DEBUG: Tick end. Sleeping 1s...
2026-02-20 07:27:27 |INFO |DEBUG: Tick start...
2026-02-20 07:27:27 |INFO |DEBUG: Generating signal for ARB/USDC...
2026-02-20 07:27:32 |INFO |DEBUG PRICE: ARB/USDC | Size: 90.0 | CEX 0.0962/0.0963 | DEX Buy:0.0968 Sell:0.0962 | Sprd A (C->D): -13.72bps | Sprd B (D->C): -61.20bps
2026-02-20 07:27:32 |INFO |DEBUG: No signal generated (Spread too low or negative?)
2026-02-20 07:27:32 |INFO |DEBUG: Tick end. Sleeping 1s...
2026-02-20 07:27:33 |INFO |DEBUG: Tick start...
2026-02-20 07:27:33 |INFO |DEBUG: Generating signal for ARB/USDC...
2026-02-20 07:27:38 |INFO |DEBUG PRICE: ARB/USDC | Size: 90.0 | CEX 0.0963/0.0964 | DEX Buy:0.0968 Sell:0.0962 | Sprd A (C->D): -24.08bps | Sprd B (D->C): -50.87bps
2026-02-20 07:27:38 |INFO |DEBUG: No signal generated (Spread too low or negative?)
2026-02-20 07:27:38 |INFO |DEBUG: Tick end. Sleeping 1s...
2026-02-20 07:27:39 |INFO |DEBUG: Tick start...
2026-02-20 07:27:39 |INFO |DEBUG: Generating signal for ARB/USDC...
2026-02-20 07:27:43 |INFO |DEBUG PRICE: ARB/USDC | Size: 90.0 | CEX 0.0963/0.0964 | DEX Buy:0.0968 Sell:0.0962 | Sprd A (C->D): -24.08bps | Sprd B (D->C): -50.87bps
2026-02-20 07:27:43 |INFO |DEBUG: No signal generated (Spread too low or negative?)
2026-02-20 07:27:43 |INFO |DEBUG: Tick end. Sleeping 1s...
2026-02-20 07:27:44 |INFO |DEBUG: Tick start...
2026-02-20 07:27:44 |INFO |DEBUG: Generating signal for ARB/USDC...
2026-02-20 07:27:49 |INFO |DEBUG PRICE: ARB/USDC | Size: 90.0 | CEX 0.0963/0.0964 | DEX Buy:0.0968 Sell:0.0962 | Sprd A (C->D): -24.08bps | Sprd B (D->C): -50.87bps
2026-02-20 07:27:49 |INFO |DEBUG: No signal generated (Spread too low or negative?)
2026-02-20 07:27:49 |INFO |DEBUG: Tick end. Sleeping 1s...
2026-02-20 07:27:50 |INFO |DEBUG: Tick start...
2026-02-20 07:27:50 |INFO |DEBUG: Generating signal for ARB/USDC...
2026-02-20 07:27:55 |INFO |DEBUG PRICE: ARB/USDC | Size: 90.0 | CEX 0.0963/0.0964 | DEX Buy:0.0968 Sell:0.0962 | Sprd A (C->D): -24.08bps | Sprd B (D->C): -50.87bps
2026-02-20 07:27:55 |INFO |DEBUG: No signal generated (Spread too low or negative?)
2026-02-20 07:27:55 |INFO |DEBUG: Tick end. Sleeping 1s...
2026-02-20 07:27:56 |INFO |DEBUG: Tick start...
2026-02-20 07:27:56 |INFO |DEBUG: Generating signal for ARB/USDC...
2026-02-20 07:28:01 |INFO |DEBUG PRICE: ARB/USDC | Size: 90.0 | CEX 0.0963/0.0964 | DEX Buy:0.0968 Sell:0.0962 | Sprd A (C->D): -24.08bps | Sprd B (D->C): -50.87bps
2026-02-20 07:28:01 |INFO |DEBUG: No signal generated (Spread too low or negative?)
2026-02-20 07:28:01 |INFO |DEBUG: Tick end. Sleeping 1s...
2026-02-20 07:28:02 |INFO |DEBUG: Tick start...
2026-02-20 07:28:02 |INFO |DEBUG: Generating signal for ARB/USDC...
2026-02-20 07:28:07 |INFO |DEBUG PRICE: ARB/USDC | Size: 90.0 | CEX 0.0963/0.0964 | DEX Buy:0.0968 Sell:0.0962 | Sprd A (C->D): -24.08bps | Sprd B (D->C): -50.87bps
2026-02-20 07:28:07 |INFO |DEBUG: No signal generated (Spread too low or negative?)
2026-02-20 07:28:07 |INFO |DEBUG: Tick end. Sleeping 1s...
2026-02-20 07:28:08 |INFO |DEBUG: Tick start...
2026-02-20 07:28:08 |INFO |DEBUG: Generating signal for ARB/USDC...
2026-02-20 07:28:12 |INFO |DEBUG PRICE: ARB/USDC | Size: 90.0 | CEX 0.0963/0.0964 | DEX Buy:0.0968 Sell:0.0962 | Sprd A (C->D): -24.08bps | Sprd B (D->C): -50.87bps
2026-02-20 07:28:12 |INFO |DEBUG: No signal generated (Spread too low or negative?)
2026-02-20 07:28:12 |INFO |DEBUG: Tick end. Sleeping 1s...
2026-02-20 07:28:13 |INFO |DEBUG: Tick start...
2026-02-20 07:28:13 |INFO |DEBUG: Generating signal for ARB/USDC...
2026-02-20 07:28:18 |INFO |DEBUG PRICE: ARB/USDC | Size: 90.0 | CEX 0.0963/0.0964 | DEX Buy:0.0968 Sell:0.0962 | Sprd A (C->D): -24.08bps | Sprd B (D->C): -50.87bps
2026-02-20 07:28:18 |INFO |DEBUG: No signal generated (Spread too low or negative?)
2026-02-20 07:28:18 |INFO |DEBUG: Tick end. Sleeping 1s...
2026-02-20 07:28:19 |INFO |DEBUG: Tick start...
2026-02-20 07:28:19 |INFO |DEBUG: Generating signal for ARB/USDC...
2026-02-20 07:28:23 |INFO |DEBUG PRICE: ARB/USDC | Size: 90.0 | CEX 0.0963/0.0964 | DEX Buy:0.0968 Sell:0.0962 | Sprd A (C->D): -24.08bps | Sprd B (D->C): -50.87bps
2026-02-20 07:28:23 |INFO |DEBUG: No signal generated (Spread too low or negative?)
2026-02-20 07:28:23 |INFO |DEBUG: Tick end. Sleeping 1s...
2026-02-20 07:28:24 |INFO |DEBUG: Tick start...
2026-02-20 07:28:24 |INFO |DEBUG: Generating signal for ARB/USDC...
2026-02-20 07:28:29 |INFO |DEBUG PRICE: ARB/USDC | Size: 90.0 | CEX 0.0963/0.0964 | DEX Buy:0.0968 Sell:0.0962 | Sprd A (C->D): -24.08bps | Sprd B (D->C): -50.87bps
2026-02-20 07:28:29 |INFO |DEBUG: No signal generated (Spread too low or negative?)
2026-02-20 07:28:29 |INFO |DEBUG: Tick end. Sleeping 1s...
2026-02-20 07:28:31 |INFO |DEBUG: Tick start...
2026-02-20 07:28:31 |INFO |DEBUG: Generating signal for ARB/USDC...
2026-02-20 07:28:36 |INFO |DEBUG PRICE: ARB/USDC | Size: 90.0 | CEX 0.0963/0.0964 | DEX Buy:0.0968 Sell:0.0962 | Sprd A (C->D): -24.08bps | Sprd B (D->C): -50.87bps
2026-02-20 07:28:36 |INFO |DEBUG: No signal generated (Spread too low or negative?)
2026-02-20 07:28:36 |INFO |DEBUG: Tick end. Sleeping 1s...
2026-02-20 07:28:37 |INFO |DEBUG: Tick start...
2026-02-20 07:28:37 |INFO |DEBUG: Generating signal for ARB/USDC...
2026-02-20 07:28:41 |INFO |DEBUG PRICE: ARB/USDC | Size: 90.0 | CEX 0.0963/0.0964 | DEX Buy:0.0968 Sell:0.0962 | Sprd A (C->D): -24.08bps | Sprd B (D->C): -50.87bps
2026-02-20 07:28:41 |INFO |DEBUG: No signal generated (Spread too low or negative?)
2026-02-20 07:28:41 |INFO |DEBUG: Tick end. Sleeping 1s...
2026-02-20 07:28:42 |INFO |DEBUG: Tick start...
2026-02-20 07:28:42 |INFO |DEBUG: Generating signal for ARB/USDC...
2026-02-20 07:28:47 |INFO |DEBUG PRICE: ARB/USDC | Size: 90.0 | CEX 0.0963/0.0964 | DEX Buy:0.0968 Sell:0.0962 | Sprd A (C->D): -24.08bps | Sprd B (D->C): -50.87bps
2026-02-20 07:28:47 |INFO |DEBUG: No signal generated (Spread too low or negative?)
2026-02-20 07:28:47 |INFO |DEBUG: Tick end. Sleeping 1s...
2026-02-20 07:28:48 |INFO |DEBUG: Tick start...
2026-02-20 07:28:48 |INFO |DEBUG: Generating signal for ARB/USDC...
2026-02-20 07:28:53 |INFO |DEBUG PRICE: ARB/USDC | Size: 90.0 | CEX 0.0963/0.0964 | DEX Buy:0.0968 Sell:0.0962 | Sprd A (C->D): -24.08bps | Sprd B (D->C): -50.87bps
2026-02-20 07:28:53 |INFO |DEBUG: No signal generated (Spread too low or negative?)
2026-02-20 07:28:53 |INFO |DEBUG: Tick end. Sleeping 1s...
2026-02-20 07:28:54 |INFO |DEBUG: Tick start...
2026-02-20 07:28:54 |INFO |DEBUG: Generating signal for ARB/USDC...
2026-02-20 07:28:58 |INFO |DEBUG PRICE: ARB/USDC | Size: 90.0 | CEX 0.0963/0.0964 | DEX Buy:0.0968 Sell:0.0962 | Sprd A (C->D): -24.08bps | Sprd B (D->C): -50.87bps
2026-02-20 07:28:58 |INFO |DEBUG: No signal generated (Spread too low or negative?)
2026-02-20 07:28:58 |INFO |DEBUG: Tick end. Sleeping 1s...
2026-02-20 07:28:59 |INFO |DEBUG: Tick start...
2026-02-20 07:28:59 |INFO |DEBUG: Generating signal for ARB/USDC...
2026-02-20 07:29:04 |INFO |DEBUG PRICE: ARB/USDC | Size: 90.0 | CEX 0.0963/0.0964 | DEX Buy:0.0968 Sell:0.0962 | Sprd A (C->D): -24.08bps | Sprd B (D->C): -50.87bps
2026-02-20 07:29:04 |INFO |DEBUG: No signal generated (Spread too low or negative?)
2026-02-20 07:29:04 |INFO |DEBUG: Tick end. Sleeping 1s...
2026-02-20 07:29:05 |INFO |DEBUG: Tick start...
2026-02-20 07:29:05 |INFO |DEBUG: Generating signal for ARB/USDC...
2026-02-20 07:29:10 |INFO |DEBUG PRICE: ARB/USDC | Size: 90.0 | CEX 0.0963/0.0964 | DEX Buy:0.0968 Sell:0.0962 | Sprd A (C->D): -24.08bps | Sprd B (D->C): -50.87bps
2026-02-20 07:29:10 |INFO |DEBUG: No signal generated (Spread too low or negative?)
2026-02-20 07:29:10 |INFO |DEBUG: Tick end. Sleeping 1s...
2026-02-20 07:29:11 |INFO |DEBUG: Tick start...
2026-02-20 07:29:11 |INFO |DEBUG: Generating signal for ARB/USDC...
2026-02-20 07:29:16 |INFO |DEBUG PRICE: ARB/USDC | Size: 90.0 | CEX 0.0963/0.0964 | DEX Buy:0.0968 Sell:0.0962 | Sprd A (C->D): -24.08bps | Sprd B (D->C): -50.87bps
2026-02-20 07:29:16 |INFO |DEBUG: No signal generated (Spread too low or negative?)
2026-02-20 07:29:16 |INFO |DEBUG: Tick end. Sleeping 1s...
2026-02-20 07:29:17 |INFO |DEBUG: Tick start...
2026-02-20 07:29:17 |INFO |DEBUG: Generating signal for ARB/USDC...
2026-02-20 07:29:21 |INFO |DEBUG PRICE: ARB/USDC | Size: 90.0 | CEX 0.0963/0.0964 | DEX Buy:0.0968 Sell:0.0962 | Sprd A (C->D): -24.08bps | Sprd B (D->C): -50.87bps
2026-02-20 07:29:21 |INFO |DEBUG: No signal generated (Spread too low or negative?)
2026-02-20 07:29:21 |INFO |DEBUG: Tick end. Sleeping 1s...
2026-02-20 07:29:22 |INFO |DEBUG: Tick start...
2026-02-20 07:29:22 |INFO |DEBUG: Generating signal for ARB/USDC...
2026-02-20 07:29:27 |INFO |DEBUG PRICE: ARB/USDC | Size: 90.0 | CEX 0.0963/0.0964 | DEX Buy:0.0968 Sell:0.0962 | Sprd A (C->D): -24.08bps | Sprd B (D->C): -50.87bps
2026-02-20 07:29:27 |INFO |DEBUG: No signal generated (Spread too low or negative?)
2026-02-20 07:29:27 |INFO |DEBUG: Tick end. Sleeping 1s...
2026-02-20 07:29:28 |INFO |DEBUG: Tick start...
2026-02-20 07:29:28 |INFO |DEBUG: Generating signal for ARB/USDC...
2026-02-20 07:29:33 |INFO |DEBUG PRICE: ARB/USDC | Size: 90.0 | CEX 0.0963/0.0964 | DEX Buy:0.0968 Sell:0.0962 | Sprd A (C->D): -24.08bps | Sprd B (D->C): -50.87bps
2026-02-20 07:29:33 |INFO |DEBUG: No signal generated (Spread too low or negative?)
2026-02-20 07:29:33 |INFO |DEBUG: Tick end. Sleeping 1s...
2026-02-20 07:29:34 |INFO |DEBUG: Tick start...
2026-02-20 07:29:34 |INFO |DEBUG: Generating signal for ARB/USDC...
2026-02-20 07:29:39 |INFO |DEBUG PRICE: ARB/USDC | Size: 90.0 | CEX 0.0963/0.0964 | DEX Buy:0.0968 Sell:0.0962 | Sprd A (C->D): -24.08bps | Sprd B (D->C): -50.87bps
2026-02-20 07:29:39 |INFO |DEBUG: No signal generated (Spread too low or negative?)
2026-02-20 07:29:39 |INFO |DEBUG: Tick end. Sleeping 1s...
2026-02-20 07:29:40 |INFO |DEBUG: Tick start...
2026-02-20 07:29:40 |INFO |DEBUG: Generating signal for ARB/USDC...
2026-02-20 07:29:45 |INFO |DEBUG PRICE: ARB/USDC | Size: 90.0 | CEX 0.0963/0.0964 | DEX Buy:0.0968 Sell:0.0962 | Sprd A (C->D): -24.08bps | Sprd B (D->C): -50.87bps
2026-02-20 07:29:45 |INFO |DEBUG: No signal generated (Spread too low or negative?)
2026-02-20 07:29:45 |INFO |DEBUG: Tick end. Sleeping 1s...
2026-02-20 07:29:46 |INFO |DEBUG: Tick start...
2026-02-20 07:29:46 |INFO |DEBUG: Generating signal for ARB/USDC...
2026-02-20 07:29:50 |INFO |DEBUG PRICE: ARB/USDC | Size: 90.0 | CEX 0.0963/0.0964 | DEX Buy:0.0968 Sell:0.0962 | Sprd A (C->D): -24.08bps | Sprd B (D->C): -50.87bps
2026-02-20 07:29:50 |INFO |DEBUG: No signal generated (Spread too low or negative?)
2026-02-20 07:29:50 |INFO |DEBUG: Tick end. Sleeping 1s...
2026-02-20 07:29:51 |INFO |DEBUG: Tick start...
2026-02-20 07:29:51 |INFO |DEBUG: Generating signal for ARB/USDC...
2026-02-20 07:29:56 |INFO |DEBUG PRICE: ARB/USDC | Size: 90.0 | CEX 0.0963/0.0964 | DEX Buy:0.0968 Sell:0.0962 | Sprd A (C->D): -24.08bps | Sprd B (D->C): -50.87bps
2026-02-20 07:29:56 |INFO |DEBUG: No signal generated (Spread too low or negative?)
2026-02-20 07:29:56 |INFO |DEBUG: Tick end. Sleeping 1s...
2026-02-20 07:29:57 |INFO |DEBUG: Tick start...
2026-02-20 07:29:57 |INFO |DEBUG: Generating signal for ARB/USDC...
2026-02-20 07:30:01 |INFO |DEBUG PRICE: ARB/USDC | Size: 90.0 | CEX 0.0963/0.0964 | DEX Buy:0.0968 Sell:0.0962 | Sprd A (C->D): -24.08bps | Sprd B (D->C): -50.87bps
2026-02-20 07:30:01 |INFO |DEBUG: No signal generated (Spread too low or negative?)
2026-02-20 07:30:01 |INFO |DEBUG: Tick end. Sleeping 1s...
2026-02-20 07:30:02 |INFO |DEBUG: Tick start...
2026-02-20 07:30:02 |INFO |DEBUG: Generating signal for ARB/USDC...
2026-02-20 07:30:07 |INFO |DEBUG PRICE: ARB/USDC | Size: 90.0 | CEX 0.0963/0.0964 | DEX Buy:0.0968 Sell:0.0962 | Sprd A (C->D): -24.08bps | Sprd B (D->C): -50.87bps
2026-02-20 07:30:07 |INFO |DEBUG: No signal generated (Spread too low or negative?)
2026-02-20 07:30:07 |INFO |DEBUG: Tick end. Sleeping 1s...
2026-02-20 07:30:08 |INFO |DEBUG: Tick start...
2026-02-20 07:30:08 |INFO |DEBUG: Generating signal for ARB/USDC...
2026-02-20 07:30:13 |INFO |DEBUG PRICE: ARB/USDC | Size: 90.0 | CEX 0.0963/0.0964 | DEX Buy:0.0968 Sell:0.0962 | Sprd A (C->D): -24.08bps | Sprd B (D->C): -50.87bps
2026-02-20 07:30:13 |INFO |DEBUG: No signal generated (Spread too low or negative?)
2026-02-20 07:30:13 |INFO |DEBUG: Tick end. Sleeping 1s...
2026-02-20 07:30:14 |INFO |DEBUG: Tick start...
2026-02-20 07:30:14 |INFO |DEBUG: Generating signal for ARB/USDC...
2026-02-20 07:30:19 |INFO |DEBUG PRICE: ARB/USDC | Size: 90.0 | CEX 0.0963/0.0964 | DEX Buy:0.0968 Sell:0.0962 | Sprd A (C->D): -24.08bps | Sprd B (D->C): -50.87bps
2026-02-20 07:30:19 |INFO |DEBUG: No signal generated (Spread too low or negative?)
2026-02-20 07:30:19 |INFO |DEBUG: Tick end. Sleeping 1s...
2026-02-20 07:30:20 |INFO |DEBUG: Tick start...
2026-02-20 07:30:20 |INFO |DEBUG: Generating signal for ARB/USDC...
2026-02-20 07:30:25 |INFO |DEBUG PRICE: ARB/USDC | Size: 90.0 | CEX 0.0964/0.0965 | DEX Buy:0.0968 Sell:0.0962 | Sprd A (C->D): -34.42bps | Sprd B (D->C): -40.54bps
2026-02-20 07:30:25 |INFO |DEBUG: No signal generated (Spread too low or negative?)
2026-02-20 07:30:25 |INFO |DEBUG: Tick end. Sleeping 1s...
2026-02-20 07:30:26 |INFO |DEBUG: Tick start...
2026-02-20 07:30:26 |INFO |DEBUG: Generating signal for ARB/USDC...
2026-02-20 07:30:30 |INFO |DEBUG PRICE: ARB/USDC | Size: 90.0 | CEX 0.0964/0.0965 | DEX Buy:0.0968 Sell:0.0962 | Sprd A (C->D): -34.42bps | Sprd B (D->C): -40.54bps
2026-02-20 07:30:30 |INFO |DEBUG: No signal generated (Spread too low or negative?)
2026-02-20 07:30:30 |INFO |DEBUG: Tick end. Sleeping 1s...
2026-02-20 07:30:31 |INFO |DEBUG: Tick start...
2026-02-20 07:30:31 |INFO |DEBUG: Generating signal for ARB/USDC...
2026-02-20 07:30:36 |INFO |DEBUG PRICE: ARB/USDC | Size: 90.0 | CEX 0.0964/0.0965 | DEX Buy:0.0968 Sell:0.0962 | Sprd A (C->D): -34.42bps | Sprd B (D->C): -40.54bps
2026-02-20 07:30:36 |INFO |DEBUG: No signal generated (Spread too low or negative?)
2026-02-20 07:30:36 |INFO |DEBUG: Tick end. Sleeping 1s...
2026-02-20 07:30:37 |INFO |DEBUG: Tick start...
2026-02-20 07:30:37 |INFO |DEBUG: Generating signal for ARB/USDC...
2026-02-20 07:30:41 |INFO |DEBUG PRICE: ARB/USDC | Size: 90.0 | CEX 0.0964/0.0965 | DEX Buy:0.0968 Sell:0.0962 | Sprd A (C->D): -34.42bps | Sprd B (D->C): -40.54bps
2026-02-20 07:30:41 |INFO |DEBUG: No signal generated (Spread too low or negative?)
2026-02-20 07:30:41 |INFO |DEBUG: Tick end. Sleeping 1s...
2026-02-20 07:30:43 |INFO |DEBUG: Tick start...
2026-02-20 07:30:43 |INFO |DEBUG: Generating signal for ARB/USDC...
2026-02-20 07:30:48 |INFO |DEBUG PRICE: ARB/USDC | Size: 90.0 | CEX 0.0964/0.0965 | DEX Buy:0.0968 Sell:0.0962 | Sprd A (C->D): -34.42bps | Sprd B (D->C): -40.54bps
2026-02-20 07:30:48 |INFO |DEBUG: No signal generated (Spread too low or negative?)
2026-02-20 07:30:48 |INFO |DEBUG: Tick end. Sleeping 1s...
2026-02-20 07:30:49 |INFO |DEBUG: Tick start...
2026-02-20 07:30:49 |INFO |DEBUG: Generating signal for ARB/USDC...
2026-02-20 07:30:54 |INFO |DEBUG PRICE: ARB/USDC | Size: 90.0 | CEX 0.0964/0.0965 | DEX Buy:0.0968 Sell:0.0962 | Sprd A (C->D): -34.42bps | Sprd B (D->C): -40.54bps
2026-02-20 07:30:54 |INFO |DEBUG: No signal generated (Spread too low or negative?)
2026-02-20 07:30:54 |INFO |DEBUG: Tick end. Sleeping 1s...
2026-02-20 07:30:55 |INFO |DEBUG: Tick start...
2026-02-20 07:30:55 |INFO |DEBUG: Generating signal for ARB/USDC...
2026-02-20 07:30:59 |INFO |DEBUG PRICE: ARB/USDC | Size: 90.0 | CEX 0.0964/0.0965 | DEX Buy:0.0968 Sell:0.0962 | Sprd A (C->D): -34.42bps | Sprd B (D->C): -40.54bps
2026-02-20 07:30:59 |INFO |DEBUG: No signal generated (Spread too low or negative?)
2026-02-20 07:30:59 |INFO |DEBUG: Tick end. Sleeping 1s...
2026-02-20 07:31:00 |INFO |DEBUG: Tick start...
2026-02-20 07:31:00 |INFO |DEBUG: Generating signal for ARB/USDC...
2026-02-20 07:31:05 |INFO |DEBUG PRICE: ARB/USDC | Size: 90.0 | CEX 0.0964/0.0965 | DEX Buy:0.0968 Sell:0.0962 | Sprd A (C->D): -34.42bps | Sprd B (D->C): -40.54bps
2026-02-20 07:31:05 |INFO |DEBUG: No signal generated (Spread too low or negative?)
2026-02-20 07:31:05 |INFO |DEBUG: Tick end. Sleeping 1s...
2026-02-20 07:31:06 |INFO |DEBUG: Tick start...
2026-02-20 07:31:06 |INFO |DEBUG: Generating signal for ARB/USDC...
2026-02-20 07:31:10 |INFO |DEBUG PRICE: ARB/USDC | Size: 90.0 | CEX 0.0964/0.0965 | DEX Buy:0.0968 Sell:0.0962 | Sprd A (C->D): -34.42bps | Sprd B (D->C): -40.54bps
2026-02-20 07:31:10 |INFO |DEBUG: No signal generated (Spread too low or negative?)
2026-02-20 07:31:10 |INFO |DEBUG: Tick end. Sleeping 1s...
2026-02-20 07:31:11 |INFO |DEBUG: Tick start...
2026-02-20 07:31:11 |INFO |DEBUG: Generating signal for ARB/USDC...
2026-02-20 07:31:17 |INFO |DEBUG PRICE: ARB/USDC | Size: 90.0 | CEX 0.0964/0.0965 | DEX Buy:0.0968 Sell:0.0962 | Sprd A (C->D): -34.42bps | Sprd B (D->C): -40.54bps
2026-02-20 07:31:17 |INFO |DEBUG: No signal generated (Spread too low or negative?)
2026-02-20 07:31:17 |INFO |DEBUG: Tick end. Sleeping 1s...
2026-02-20 07:31:18 |INFO |DEBUG: Tick start...
2026-02-20 07:31:18 |INFO |DEBUG: Generating signal for ARB/USDC...
2026-02-20 07:31:23 |INFO |DEBUG PRICE: ARB/USDC | Size: 90.0 | CEX 0.0964/0.0965 | DEX Buy:0.0968 Sell:0.0962 | Sprd A (C->D): -34.42bps | Sprd B (D->C): -40.54bps
2026-02-20 07:31:23 |INFO |DEBUG: No signal generated (Spread too low or negative?)
2026-02-20 07:31:23 |INFO |DEBUG: Tick end. Sleeping 1s...
2026-02-20 07:31:24 |INFO |DEBUG: Tick start...
2026-02-20 07:31:24 |INFO |DEBUG: Generating signal for ARB/USDC...
2026-02-20 07:31:28 |INFO |DEBUG PRICE: ARB/USDC | Size: 90.0 | CEX 0.0964/0.0965 | DEX Buy:0.0968 Sell:0.0962 | Sprd A (C->D): -34.42bps | Sprd B (D->C): -40.54bps
2026-02-20 07:31:28 |INFO |DEBUG: No signal generated (Spread too low or negative?)
2026-02-20 07:31:28 |INFO |DEBUG: Tick end. Sleeping 1s...
2026-02-20 07:31:29 |INFO |DEBUG: Tick start...
2026-02-20 07:31:29 |INFO |DEBUG: Generating signal for ARB/USDC...
2026-02-20 07:31:34 |INFO |DEBUG PRICE: ARB/USDC | Size: 90.0 | CEX 0.0964/0.0965 | DEX Buy:0.0968 Sell:0.0962 | Sprd A (C->D): -34.42bps | Sprd B (D->C): -40.54bps
2026-02-20 07:31:34 |INFO |DEBUG: No signal generated (Spread too low or negative?)
2026-02-20 07:31:34 |INFO |DEBUG: Tick end. Sleeping 1s...
2026-02-20 07:31:35 |INFO |DEBUG: Tick start...
2026-02-20 07:31:35 |INFO |DEBUG: Generating signal for ARB/USDC...
2026-02-20 07:31:40 |INFO |DEBUG PRICE: ARB/USDC | Size: 90.0 | CEX 0.0964/0.0965 | DEX Buy:0.0968 Sell:0.0962 | Sprd A (C->D): -34.42bps | Sprd B (D->C): -40.54bps
2026-02-20 07:31:40 |INFO |DEBUG: No signal generated (Spread too low or negative?)
2026-02-20 07:31:40 |INFO |DEBUG: Tick end. Sleeping 1s...
2026-02-20 07:31:41 |INFO |DEBUG: Tick start...
2026-02-20 07:31:41 |INFO |DEBUG: Generating signal for ARB/USDC...
2026-02-20 07:31:45 |INFO |DEBUG PRICE: ARB/USDC | Size: 90.0 | CEX 0.0965/0.0966 | DEX Buy:0.0968 Sell:0.0962 | Sprd A (C->D): -44.74bps | Sprd B (D->C): -30.22bps
2026-02-20 07:31:45 |INFO |DEBUG: No signal generated (Spread too low or negative?)
2026-02-20 07:31:45 |INFO |DEBUG: Tick end. Sleeping 1s...
2026-02-20 07:31:46 |INFO |DEBUG: Tick start...
2026-02-20 07:31:46 |INFO |DEBUG: Generating signal for ARB/USDC...
2026-02-20 07:31:52 |INFO |DEBUG PRICE: ARB/USDC | Size: 90.0 | CEX 0.0965/0.0966 | DEX Buy:0.0968 Sell:0.0962 | Sprd A (C->D): -44.74bps | Sprd B (D->C): -30.22bps
2026-02-20 07:31:52 |INFO |DEBUG: No signal generated (Spread too low or negative?)
2026-02-20 07:31:52 |INFO |DEBUG: Tick end. Sleeping 1s...
2026-02-20 07:31:53 |INFO |DEBUG: Tick start...
2026-02-20 07:31:53 |INFO |DEBUG: Generating signal for ARB/USDC...
2026-02-20 07:31:57 |INFO |DEBUG PRICE: ARB/USDC | Size: 90.0 | CEX 0.0966/0.0967 | DEX Buy:0.0968 Sell:0.0962 | Sprd A (C->D): -55.03bps | Sprd B (D->C): -19.89bps
2026-02-20 07:31:57 |INFO |DEBUG: No signal generated (Spread too low or negative?)
2026-02-20 07:31:57 |INFO |DEBUG: Tick end. Sleeping 1s...
2026-02-20 07:31:58 |INFO |DEBUG: Tick start...
2026-02-20 07:31:58 |INFO |DEBUG: Generating signal for ARB/USDC...
2026-02-20 07:32:03 |INFO |DEBUG PRICE: ARB/USDC | Size: 90.0 | CEX 0.0966/0.0967 | DEX Buy:0.0968 Sell:0.0962 | Sprd A (C->D): -55.03bps | Sprd B (D->C): -19.89bps
2026-02-20 07:32:03 |INFO |DEBUG: No signal generated (Spread too low or negative?)
2026-02-20 07:32:03 |INFO |DEBUG: Tick end. Sleeping 1s...
2026-02-20 07:32:04 |INFO |DEBUG: Tick start...
2026-02-20 07:32:04 |INFO |DEBUG: Generating signal for ARB/USDC...
2026-02-20 07:32:08 |INFO |DEBUG PRICE: ARB/USDC | Size: 90.0 | CEX 0.0966/0.0967 | DEX Buy:0.0968 Sell:0.0962 | Sprd A (C->D): -55.03bps | Sprd B (D->C): -19.89bps
2026-02-20 07:32:08 |INFO |DEBUG: No signal generated (Spread too low or negative?)
2026-02-20 07:32:08 |INFO |DEBUG: Tick end. Sleeping 1s...
2026-02-20 07:32:09 |INFO |DEBUG: Tick start...
2026-02-20 07:32:09 |INFO |DEBUG: Generating signal for ARB/USDC...
2026-02-20 07:32:14 |INFO |DEBUG PRICE: ARB/USDC | Size: 90.0 | CEX 0.0966/0.0967 | DEX Buy:0.0968 Sell:0.0962 | Sprd A (C->D): -55.03bps | Sprd B (D->C): -19.89bps
2026-02-20 07:32:14 |INFO |DEBUG: No signal generated (Spread too low or negative?)
2026-02-20 07:32:14 |INFO |DEBUG: Tick end. Sleeping 1s...
2026-02-20 07:32:15 |INFO |DEBUG: Tick start...
2026-02-20 07:32:15 |INFO |DEBUG: Generating signal for ARB/USDC...
2026-02-20 07:32:20 |INFO |DEBUG PRICE: ARB/USDC | Size: 90.0 | CEX 0.0966/0.0967 | DEX Buy:0.0968 Sell:0.0962 | Sprd A (C->D): -55.03bps | Sprd B (D->C): -19.89bps
2026-02-20 07:32:20 |INFO |DEBUG: No signal generated (Spread too low or negative?)
2026-02-20 07:32:20 |INFO |DEBUG: Tick end. Sleeping 1s...
2026-02-20 07:32:21 |INFO |DEBUG: Tick start...
2026-02-20 07:32:21 |INFO |DEBUG: Generating signal for ARB/USDC...
2026-02-20 07:32:28 |INFO |DEBUG PRICE: ARB/USDC | Size: 90.0 | CEX 0.0966/0.0967 | DEX Buy:0.0968 Sell:0.0962 | Sprd A (C->D): -55.03bps | Sprd B (D->C): -19.89bps
2026-02-20 07:32:28 |INFO |DEBUG: No signal generated (Spread too low or negative?)
2026-02-20 07:32:28 |INFO |DEBUG: Tick end. Sleeping 1s...
2026-02-20 07:32:29 |INFO |DEBUG: Tick start...
2026-02-20 07:32:29 |INFO |DEBUG: Generating signal for ARB/USDC...
2026-02-20 07:32:33 |INFO |DEBUG PRICE: ARB/USDC | Size: 90.0 | CEX 0.0966/0.0967 | DEX Buy:0.0968 Sell:0.0962 | Sprd A (C->D): -55.03bps | Sprd B (D->C): -19.89bps
2026-02-20 07:32:33 |INFO |DEBUG: No signal generated (Spread too low or negative?)
2026-02-20 07:32:33 |INFO |DEBUG: Tick end. Sleeping 1s...
2026-02-20 07:32:34 |INFO |DEBUG: Tick start...
2026-02-20 07:32:34 |INFO |DEBUG: Generating signal for ARB/USDC...
2026-02-20 07:32:39 |INFO |DEBUG PRICE: ARB/USDC | Size: 90.0 | CEX 0.0966/0.0967 | DEX Buy:0.0968 Sell:0.0962 | Sprd A (C->D): -55.03bps | Sprd B (D->C): -19.89bps
2026-02-20 07:32:39 |INFO |DEBUG: No signal generated (Spread too low or negative?)
2026-02-20 07:32:39 |INFO |DEBUG: Tick end. Sleeping 1s...
2026-02-20 07:32:40 |INFO |DEBUG: Tick start...
2026-02-20 07:32:40 |INFO |DEBUG: Generating signal for ARB/USDC...
2026-02-20 07:32:45 |INFO |DEBUG PRICE: ARB/USDC | Size: 90.0 | CEX 0.0966/0.0967 | DEX Buy:0.0968 Sell:0.0962 | Sprd A (C->D): -55.03bps | Sprd B (D->C): -19.89bps
2026-02-20 07:32:45 |INFO |DEBUG: No signal generated (Spread too low or negative?)
2026-02-20 07:32:45 |INFO |DEBUG: Tick end. Sleeping 1s...
2026-02-20 07:32:46 |INFO |DEBUG: Tick start...
2026-02-20 07:32:46 |INFO |DEBUG: Generating signal for ARB/USDC...
2026-02-20 07:32:50 |INFO |DEBUG PRICE: ARB/USDC | Size: 90.0 | CEX 0.0966/0.0967 | DEX Buy:0.0968 Sell:0.0962 | Sprd A (C->D): -55.03bps | Sprd B (D->C): -19.89bps
2026-02-20 07:32:50 |INFO |DEBUG: No signal generated (Spread too low or negative?)
2026-02-20 07:32:50 |INFO |DEBUG: Tick end. Sleeping 1s...
2026-02-20 07:32:51 |INFO |DEBUG: Tick start...
2026-02-20 07:32:51 |INFO |DEBUG: Generating signal for ARB/USDC...
2026-02-20 07:32:57 |INFO |DEBUG PRICE: ARB/USDC | Size: 90.0 | CEX 0.0966/0.0967 | DEX Buy:0.0968 Sell:0.0962 | Sprd A (C->D): -55.03bps | Sprd B (D->C): -19.89bps
2026-02-20 07:32:57 |INFO |DEBUG: No signal generated (Spread too low or negative?)
2026-02-20 07:32:57 |INFO |DEBUG: Tick end. Sleeping 1s...
2026-02-20 07:32:58 |INFO |DEBUG: Tick start...
2026-02-20 07:32:58 |INFO |DEBUG: Generating signal for ARB/USDC...
2026-02-20 07:33:03 |INFO |DEBUG PRICE: ARB/USDC | Size: 90.0 | CEX 0.0966/0.0967 | DEX Buy:0.0968 Sell:0.0962 | Sprd A (C->D): -55.03bps | Sprd B (D->C): -19.89bps
2026-02-20 07:33:03 |INFO |DEBUG: No signal generated (Spread too low or negative?)
2026-02-20 07:33:03 |INFO |DEBUG: Tick end. Sleeping 1s...
2026-02-20 07:33:04 |INFO |DEBUG: Tick start...
2026-02-20 07:33:04 |INFO |DEBUG: Generating signal for ARB/USDC...
2026-02-20 07:33:08 |INFO |DEBUG PRICE: ARB/USDC | Size: 90.0 | CEX 0.0966/0.0967 | DEX Buy:0.0968 Sell:0.0962 | Sprd A (C->D): -55.03bps | Sprd B (D->C): -19.89bps
2026-02-20 07:33:08 |INFO |DEBUG: No signal generated (Spread too low or negative?)
2026-02-20 07:33:08 |INFO |DEBUG: Tick end. Sleeping 1s...
2026-02-20 07:33:09 |INFO |DEBUG: Tick start...
2026-02-20 07:33:09 |INFO |DEBUG: Generating signal for ARB/USDC...
2026-02-20 07:33:14 |INFO |DEBUG PRICE: ARB/USDC | Size: 90.0 | CEX 0.0966/0.0967 | DEX Buy:0.0968 Sell:0.0962 | Sprd A (C->D): -55.03bps | Sprd B (D->C): -19.89bps
2026-02-20 07:33:14 |INFO |DEBUG: No signal generated (Spread too low or negative?)
2026-02-20 07:33:14 |INFO |DEBUG: Tick end. Sleeping 1s...
2026-02-20 07:33:15 |INFO |DEBUG: Tick start...
2026-02-20 07:33:15 |INFO |DEBUG: Generating signal for ARB/USDC...
2026-02-20 07:33:20 |INFO |DEBUG PRICE: ARB/USDC | Size: 90.0 | CEX 0.0966/0.0967 | DEX Buy:0.0968 Sell:0.0962 | Sprd A (C->D): -55.03bps | Sprd B (D->C): -19.89bps
2026-02-20 07:33:20 |INFO |DEBUG: No signal generated (Spread too low or negative?)
2026-02-20 07:33:20 |INFO |DEBUG: Tick end. Sleeping 1s...
2026-02-20 07:33:21 |INFO |DEBUG: Tick start...
2026-02-20 07:33:21 |INFO |DEBUG: Generating signal for ARB/USDC...
2026-02-20 07:33:25 |INFO |DEBUG PRICE: ARB/USDC | Size: 90.0 | CEX 0.0966/0.0967 | DEX Buy:0.0968 Sell:0.0962 | Sprd A (C->D): -55.03bps | Sprd B (D->C): -19.89bps
2026-02-20 07:33:25 |INFO |DEBUG: No signal generated (Spread too low or negative?)
2026-02-20 07:33:25 |INFO |DEBUG: Tick end. Sleeping 1s...
2026-02-20 07:33:26 |INFO |DEBUG: Tick start...
2026-02-20 07:33:26 |INFO |DEBUG: Generating signal for ARB/USDC...
2026-02-20 07:33:32 |INFO |DEBUG PRICE: ARB/USDC | Size: 90.0 | CEX 0.0966/0.0967 | DEX Buy:0.0968 Sell:0.0962 | Sprd A (C->D): -55.03bps | Sprd B (D->C): -19.89bps
2026-02-20 07:33:32 |INFO |DEBUG: No signal generated (Spread too low or negative?)
2026-02-20 07:33:32 |INFO |DEBUG: Tick end. Sleeping 1s...
2026-02-20 07:33:33 |INFO |DEBUG: Tick start...
2026-02-20 07:33:33 |INFO |DEBUG: Generating signal for ARB/USDC...
2026-02-20 07:33:38 |INFO |DEBUG PRICE: ARB/USDC | Size: 90.0 | CEX 0.0966/0.0967 | DEX Buy:0.0968 Sell:0.0962 | Sprd A (C->D): -55.03bps | Sprd B (D->C): -19.89bps
2026-02-20 07:33:38 |INFO |DEBUG: No signal generated (Spread too low or negative?)
2026-02-20 07:33:38 |INFO |DEBUG: Tick end. Sleeping 1s...
2026-02-20 07:33:39 |INFO |DEBUG: Tick start...
2026-02-20 07:33:39 |INFO |DEBUG: Generating signal for ARB/USDC...
2026-02-20 07:33:44 |INFO |DEBUG PRICE: ARB/USDC | Size: 90.0 | CEX 0.0965/0.0966 | DEX Buy:0.0968 Sell:0.0962 | Sprd A (C->D): -44.74bps | Sprd B (D->C): -30.22bps
2026-02-20 07:33:44 |INFO |DEBUG: No signal generated (Spread too low or negative?)
2026-02-20 07:33:44 |INFO |DEBUG: Tick end. Sleeping 1s...
2026-02-20 07:33:45 |INFO |DEBUG: Tick start...
2026-02-20 07:33:45 |INFO |DEBUG: Generating signal for ARB/USDC...
2026-02-20 07:33:50 |INFO |DEBUG PRICE: ARB/USDC | Size: 90.0 | CEX 0.0964/0.0965 | DEX Buy:0.0968 Sell:0.0962 | Sprd A (C->D): -34.42bps | Sprd B (D->C): -40.54bps
2026-02-20 07:33:50 |INFO |DEBUG: No signal generated (Spread too low or negative?)
2026-02-20 07:33:50 |INFO |DEBUG: Tick end. Sleeping 1s...
2026-02-20 07:33:51 |INFO |DEBUG: Tick start...
2026-02-20 07:33:51 |INFO |DEBUG: Generating signal for ARB/USDC...
2026-02-20 07:33:56 |INFO |DEBUG PRICE: ARB/USDC | Size: 90.0 | CEX 0.0964/0.0965 | DEX Buy:0.0968 Sell:0.0962 | Sprd A (C->D): -34.42bps | Sprd B (D->C): -40.54bps
2026-02-20 07:33:56 |INFO |DEBUG: No signal generated (Spread too low or negative?)
2026-02-20 07:33:56 |INFO |DEBUG: Tick end. Sleeping 1s...
2026-02-20 07:33:57 |INFO |DEBUG: Tick start...
2026-02-20 07:33:57 |INFO |DEBUG: Generating signal for ARB/USDC...
2026-02-20 07:34:02 |INFO |DEBUG PRICE: ARB/USDC | Size: 90.0 | CEX 0.0964/0.0965 | DEX Buy:0.0968 Sell:0.0962 | Sprd A (C->D): -34.42bps | Sprd B (D->C): -40.54bps
2026-02-20 07:34:02 |INFO |DEBUG: No signal generated (Spread too low or negative?)
2026-02-20 07:34:02 |INFO |DEBUG: Tick end. Sleeping 1s...
2026-02-20 07:34:03 |INFO |DEBUG: Tick start...
2026-02-20 07:34:03 |INFO |DEBUG: Generating signal for ARB/USDC...
2026-02-20 07:34:08 |INFO |DEBUG PRICE: ARB/USDC | Size: 90.0 | CEX 0.0964/0.0965 | DEX Buy:0.0968 Sell:0.0962 | Sprd A (C->D): -34.42bps | Sprd B (D->C): -40.54bps
2026-02-20 07:34:08 |INFO |DEBUG: No signal generated (Spread too low or negative?)
2026-02-20 07:34:08 |INFO |DEBUG: Tick end. Sleeping 1s...
2026-02-20 07:34:09 |INFO |DEBUG: Tick start...
2026-02-20 07:34:09 |INFO |DEBUG: Generating signal for ARB/USDC...
2026-02-20 07:34:14 |INFO |DEBUG PRICE: ARB/USDC | Size: 90.0 | CEX 0.0962/0.0963 | DEX Buy:0.0968 Sell:0.0962 | Sprd A (C->D): -13.72bps | Sprd B (D->C): -61.20bps
2026-02-20 07:34:14 |INFO |DEBUG: No signal generated (Spread too low or negative?)
2026-02-20 07:34:14 |INFO |DEBUG: Tick end. Sleeping 1s...
2026-02-20 07:34:15 |INFO |DEBUG: Tick start...
2026-02-20 07:34:15 |INFO |DEBUG: Generating signal for ARB/USDC...
2026-02-20 07:34:19 |INFO |DEBUG PRICE: ARB/USDC | Size: 90.0 | CEX 0.0962/0.0963 | DEX Buy:0.0968 Sell:0.0962 | Sprd A (C->D): -13.72bps | Sprd B (D->C): -61.20bps
2026-02-20 07:34:19 |INFO |DEBUG: No signal generated (Spread too low or negative?)
2026-02-20 07:34:19 |INFO |DEBUG: Tick end. Sleeping 1s...
2026-02-20 07:34:20 |INFO |DEBUG: Tick start...
2026-02-20 07:34:20 |INFO |DEBUG: Generating signal for ARB/USDC...
2026-02-20 07:34:25 |INFO |DEBUG PRICE: ARB/USDC | Size: 90.0 | CEX 0.0962/0.0963 | DEX Buy:0.0968 Sell:0.0962 | Sprd A (C->D): -13.72bps | Sprd B (D->C): -61.20bps
2026-02-20 07:34:25 |INFO |DEBUG: No signal generated (Spread too low or negative?)
2026-02-20 07:34:25 |INFO |DEBUG: Tick end. Sleeping 1s...
2026-02-20 07:34:26 |INFO |DEBUG: Tick start...
2026-02-20 07:34:26 |INFO |DEBUG: Generating signal for ARB/USDC...
2026-02-20 07:34:30 |INFO |DEBUG PRICE: ARB/USDC | Size: 90.0 | CEX 0.0963/0.0964 | DEX Buy:0.0968 Sell:0.0962 | Sprd A (C->D): -24.08bps | Sprd B (D->C): -50.87bps
2026-02-20 07:34:30 |INFO |DEBUG: No signal generated (Spread too low or negative?)
2026-02-20 07:34:30 |INFO |DEBUG: Tick end. Sleeping 1s...
2026-02-20 07:34:31 |INFO |DEBUG: Tick start...
2026-02-20 07:34:31 |INFO |DEBUG: Generating signal for ARB/USDC...
2026-02-20 07:34:37 |INFO |DEBUG PRICE: ARB/USDC | Size: 90.0 | CEX 0.0962/0.0964 | DEX Buy:0.0968 Sell:0.0962 | Sprd A (C->D): -24.08bps | Sprd B (D->C): -61.20bps
2026-02-20 07:34:37 |INFO |DEBUG: No signal generated (Spread too low or negative?)
2026-02-20 07:34:37 |INFO |DEBUG: Tick end. Sleeping 1s...
2026-02-20 07:34:38 |INFO |DEBUG: Tick start...
2026-02-20 07:34:38 |INFO |DEBUG: Generating signal for ARB/USDC...
2026-02-20 07:34:43 |INFO |DEBUG PRICE: ARB/USDC | Size: 90.0 | CEX 0.0963/0.0964 | DEX Buy:0.0968 Sell:0.0962 | Sprd A (C->D): -24.08bps | Sprd B (D->C): -50.87bps
2026-02-20 07:34:43 |INFO |DEBUG: No signal generated (Spread too low or negative?)
2026-02-20 07:34:43 |INFO |DEBUG: Tick end. Sleeping 1s...
2026-02-20 07:34:44 |INFO |DEBUG: Tick start...
2026-02-20 07:34:44 |INFO |DEBUG: Generating signal for ARB/USDC...
2026-02-20 07:34:48 |INFO |DEBUG PRICE: ARB/USDC | Size: 90.0 | CEX 0.0962/0.0963 | DEX Buy:0.0968 Sell:0.0962 | Sprd A (C->D): -13.72bps | Sprd B (D->C): -61.20bps
2026-02-20 07:34:48 |INFO |DEBUG: No signal generated (Spread too low or negative?)
2026-02-20 07:34:48 |INFO |DEBUG: Tick end. Sleeping 1s...
2026-02-20 07:34:49 |INFO |DEBUG: Tick start...
2026-02-20 07:34:49 |INFO |DEBUG: Generating signal for ARB/USDC...
2026-02-20 07:34:54 |INFO |DEBUG PRICE: ARB/USDC | Size: 90.0 | CEX 0.0962/0.0963 | DEX Buy:0.0968 Sell:0.0962 | Sprd A (C->D): -13.72bps | Sprd B (D->C): -61.20bps
2026-02-20 07:34:54 |INFO |DEBUG: No signal generated (Spread too low or negative?)
2026-02-20 07:34:54 |INFO |DEBUG: Tick end. Sleeping 1s...
2026-02-20 07:34:55 |INFO |DEBUG: Tick start...
2026-02-20 07:34:55 |INFO |DEBUG: Generating signal for ARB/USDC...
2026-02-20 07:34:59 |INFO |DEBUG PRICE: ARB/USDC | Size: 90.0 | CEX 0.0962/0.0963 | DEX Buy:0.0968 Sell:0.0962 | Sprd A (C->D): -13.72bps | Sprd B (D->C): -61.20bps
2026-02-20 07:34:59 |INFO |DEBUG: No signal generated (Spread too low or negative?)
2026-02-20 07:34:59 |INFO |DEBUG: Tick end. Sleeping 1s...
2026-02-20 07:35:00 |INFO |DEBUG: Tick start...
2026-02-20 07:35:00 |INFO |DEBUG: Generating signal for ARB/USDC...
2026-02-20 07:35:05 |INFO |DEBUG PRICE: ARB/USDC | Size: 90.0 | CEX 0.0962/0.0963 | DEX Buy:0.0968 Sell:0.0962 | Sprd A (C->D): -13.72bps | Sprd B (D->C): -61.20bps
2026-02-20 07:35:05 |INFO |DEBUG: No signal generated (Spread too low or negative?)
2026-02-20 07:35:05 |INFO |DEBUG: Tick end. Sleeping 1s...
2026-02-20 07:35:06 |INFO |DEBUG: Tick start...
2026-02-20 07:35:06 |INFO |DEBUG: Generating signal for ARB/USDC...
2026-02-20 07:35:12 |INFO |DEBUG PRICE: ARB/USDC | Size: 90.0 | CEX 0.0962/0.0963 | DEX Buy:0.0968 Sell:0.0962 | Sprd A (C->D): -13.72bps | Sprd B (D->C): -61.20bps
2026-02-20 07:35:12 |INFO |DEBUG: No signal generated (Spread too low or negative?)
2026-02-20 07:35:12 |INFO |DEBUG: Tick end. Sleeping 1s...
2026-02-20 07:35:13 |INFO |DEBUG: Tick start...
2026-02-20 07:35:13 |INFO |DEBUG: Generating signal for ARB/USDC...
2026-02-20 07:35:18 |INFO |DEBUG PRICE: ARB/USDC | Size: 90.0 | CEX 0.0962/0.0963 | DEX Buy:0.0968 Sell:0.0962 | Sprd A (C->D): -13.72bps | Sprd B (D->C): -61.20bps
2026-02-20 07:35:18 |INFO |DEBUG: No signal generated (Spread too low or negative?)
2026-02-20 07:35:18 |INFO |DEBUG: Tick end. Sleeping 1s...
2026-02-20 07:35:19 |INFO |DEBUG: Tick start...
2026-02-20 07:35:19 |INFO |DEBUG: Generating signal for ARB/USDC...
2026-02-20 07:35:23 |INFO |DEBUG PRICE: ARB/USDC | Size: 90.0 | CEX 0.0961/0.0962 | DEX Buy:0.0968 Sell:0.0962 | Sprd A (C->D): -3.34bps | Sprd B (D->C): -71.53bps
2026-02-20 07:35:23 |INFO |DEBUG: No signal generated (Spread too low or negative?)
2026-02-20 07:35:23 |INFO |DEBUG: Tick end. Sleeping 1s...
2026-02-20 07:35:24 |INFO |DEBUG: Tick start...
2026-02-20 07:35:24 |INFO |DEBUG: Generating signal for ARB/USDC...
2026-02-20 07:35:29 |INFO |DEBUG PRICE: ARB/USDC | Size: 90.0 | CEX 0.0961/0.0962 | DEX Buy:0.0968 Sell:0.0962 | Sprd A (C->D): -3.34bps | Sprd B (D->C): -71.53bps
2026-02-20 07:35:29 |INFO |DEBUG: No signal generated (Spread too low or negative?)
2026-02-20 07:35:29 |INFO |DEBUG: Tick end. Sleeping 1s...
2026-02-20 07:35:30 |INFO |DEBUG: Tick start...
2026-02-20 07:35:30 |INFO |DEBUG: Generating signal for ARB/USDC...
2026-02-20 07:35:34 |INFO |DEBUG PRICE: ARB/USDC | Size: 90.0 | CEX 0.0961/0.0962 | DEX Buy:0.0968 Sell:0.0962 | Sprd A (C->D): -3.34bps | Sprd B (D->C): -71.53bps
2026-02-20 07:35:34 |INFO |DEBUG: No signal generated (Spread too low or negative?)
2026-02-20 07:35:34 |INFO |DEBUG: Tick end. Sleeping 1s...
2026-02-20 07:35:35 |INFO |DEBUG: Tick start...
2026-02-20 07:35:35 |INFO |DEBUG: Generating signal for ARB/USDC...
2026-02-20 07:35:40 |INFO |DEBUG PRICE: ARB/USDC | Size: 90.0 | CEX 0.0961/0.0962 | DEX Buy:0.0968 Sell:0.0962 | Sprd A (C->D): -3.34bps | Sprd B (D->C): -71.53bps
2026-02-20 07:35:40 |INFO |DEBUG: No signal generated (Spread too low or negative?)
2026-02-20 07:35:40 |INFO |DEBUG: Tick end. Sleeping 1s...
2026-02-20 07:35:42 |INFO |DEBUG: Tick start...
2026-02-20 07:35:42 |INFO |DEBUG: Generating signal for ARB/USDC...
2026-02-20 07:35:46 |INFO |DEBUG PRICE: ARB/USDC | Size: 90.0 | CEX 0.0961/0.0962 | DEX Buy:0.0968 Sell:0.0962 | Sprd A (C->D): -3.34bps | Sprd B (D->C): -71.53bps
2026-02-20 07:35:46 |INFO |DEBUG: No signal generated (Spread too low or negative?)
2026-02-20 07:35:46 |INFO |DEBUG: Tick end. Sleeping 1s...
2026-02-20 07:35:47 |INFO |DEBUG: Tick start...
2026-02-20 07:35:47 |INFO |DEBUG: Generating signal for ARB/USDC...
2026-02-20 07:35:52 |INFO |DEBUG PRICE: ARB/USDC | Size: 90.0 | CEX 0.0961/0.0962 | DEX Buy:0.0968 Sell:0.0962 | Sprd A (C->D): -3.34bps | Sprd B (D->C): -71.53bps
2026-02-20 07:35:52 |INFO |DEBUG: No signal generated (Spread too low or negative?)
2026-02-20 07:35:52 |INFO |DEBUG: Tick end. Sleeping 1s...
2026-02-20 07:35:53 |INFO |DEBUG: Tick start...
2026-02-20 07:35:53 |INFO |DEBUG: Generating signal for ARB/USDC...
2026-02-20 07:35:58 |INFO |DEBUG PRICE: ARB/USDC | Size: 90.0 | CEX 0.0961/0.0962 | DEX Buy:0.0968 Sell:0.0962 | Sprd A (C->D): -3.34bps | Sprd B (D->C): -71.53bps
2026-02-20 07:35:58 |INFO |DEBUG: No signal generated (Spread too low or negative?)
2026-02-20 07:35:58 |INFO |DEBUG: Tick end. Sleeping 1s...
2026-02-20 07:35:59 |INFO |DEBUG: Tick start...
2026-02-20 07:35:59 |INFO |DEBUG: Generating signal for ARB/USDC...
2026-02-20 07:36:04 |INFO |DEBUG PRICE: ARB/USDC | Size: 90.0 | CEX 0.0961/0.0962 | DEX Buy:0.0968 Sell:0.0962 | Sprd A (C->D): -3.34bps | Sprd B (D->C): -71.53bps
2026-02-20 07:36:04 |INFO |DEBUG: No signal generated (Spread too low or negative?)
2026-02-20 07:36:04 |INFO |DEBUG: Tick end. Sleeping 1s...
2026-02-20 07:36:05 |INFO |DEBUG: Tick start...
2026-02-20 07:36:05 |CRITICAL |KILL SWITCH ACTIVE - STOPPING
2026-02-20 07:36:05 |INFO |Bot stopping...
2026-02-20 07:36:05 |INFO |DEBUG: Tick end. Sleeping 1s...
2026-02-20 07:43:47 |WARNING |Bot initialized in PRODUCTION mode. REAL FUNDS AT RISK.
2026-02-20 07:43:47 |INFO |Bot starting... ChainID: 42161
2026-02-20 07:43:47 |INFO |Loading 1 pools 
2026-02-20 07:43:48 |INFO |✅ Pool loaded: UNI-V2 | Tokens: 0x912CE59144191C1204E64559FE8253a0e49E6548 - 0xaf88d065e77c8cC2239327C5EDb3A432268e5831
2026-02-20 07:43:48 |INFO |Initializing router with 1 pairs
2026-02-20 07:43:48 |INFO |DEBUG: Syncing balances (Possible blocking point)...
2026-02-20 07:43:48 |INFO |DEBUG: Fetching CEX balances...
2026-02-20 07:43:48 |INFO |Starting pricing engine...
2026-02-20 07:43:48 |INFO |Connecting to Mempool: wss://arbitrum-one-rpc.publicnode.com
2026-02-20 07:43:48 |INFO |Daily summary task scheduled for 18:00 UTC
2026-02-20 07:43:49 |INFO |DEBUG: Updating inventory...
2026-02-20 07:43:49 |INFO |DEBUG: Balances updated.
2026-02-20 07:43:49 |INFO |DEBUG: Balances synced. Entering main loop...
2026-02-20 07:43:49 |INFO |DEBUG: Tick start...
2026-02-20 07:43:49 |INFO |DEBUG: Generating signal for ARB/USDC...
2026-02-20 07:43:49 |INFO |Subscription response: {"jsonrpc":"2.0","result":"0x1a4967283cba16af1e340dd179a376f8","id":1}

2026-02-20 07:43:54 |INFO |DEBUG PRICE: ARB/USDC | Size: 90.0 | CEX 0.0961/0.0962 | DEX Buy:0.0967 Sell:0.0960 | Sprd A (C->D): -17.10bps | Sprd B (D->C): -57.84bps
2026-02-20 07:43:54 |INFO |DEBUG: No signal generated (Spread too low or negative?)
2026-02-20 07:43:54 |INFO |DEBUG: Tick end. Sleeping 1s...
2026-02-20 07:43:55 |INFO |DEBUG: Tick start...
2026-02-20 07:43:55 |INFO |DEBUG: Generating signal for ARB/USDC...
2026-02-20 07:43:59 |INFO |DEBUG PRICE: ARB/USDC | Size: 90.0 | CEX 0.0960/0.0961 | DEX Buy:0.0967 Sell:0.0960 | Sprd A (C->D): -6.72bps | Sprd B (D->C): -68.19bps
2026-02-20 07:43:59 |INFO |DEBUG: No signal generated (Spread too low or negative?)
2026-02-20 07:43:59 |INFO |DEBUG: Tick end. Sleeping 1s...
2026-02-20 07:44:01 |INFO |DEBUG: Tick start...
2026-02-20 07:44:01 |INFO |DEBUG: Generating signal for ARB/USDC...
2026-02-20 07:44:06 |INFO |DEBUG PRICE: ARB/USDC | Size: 90.0 | CEX 0.0960/0.0961 | DEX Buy:0.0967 Sell:0.0960 | Sprd A (C->D): -6.72bps | Sprd B (D->C): -68.19bps
2026-02-20 07:44:06 |INFO |DEBUG: No signal generated (Spread too low or negative?)
2026-02-20 07:44:06 |INFO |DEBUG: Tick end. Sleeping 1s...
2026-02-20 07:44:07 |INFO |DEBUG: Tick start...
2026-02-20 07:44:07 |INFO |DEBUG: Generating signal for ARB/USDC...
2026-02-20 07:44:11 |INFO |DEBUG PRICE: ARB/USDC | Size: 90.0 | CEX 0.0960/0.0961 | DEX Buy:0.0967 Sell:0.0960 | Sprd A (C->D): -6.72bps | Sprd B (D->C): -68.19bps
2026-02-20 07:44:11 |INFO |DEBUG: No signal generated (Spread too low or negative?)
2026-02-20 07:44:11 |INFO |DEBUG: Tick end. Sleeping 1s...
2026-02-20 07:44:12 |INFO |DEBUG: Tick start...
2026-02-20 07:44:12 |INFO |DEBUG: Generating signal for ARB/USDC...
2026-02-20 07:44:17 |INFO |DEBUG PRICE: ARB/USDC | Size: 90.0 | CEX 0.0960/0.0961 | DEX Buy:0.0967 Sell:0.0960 | Sprd A (C->D): -6.72bps | Sprd B (D->C): -68.19bps
2026-02-20 07:44:17 |INFO |DEBUG: No signal generated (Spread too low or negative?)
2026-02-20 07:44:17 |INFO |DEBUG: Tick end. Sleeping 1s...
2026-02-20 07:44:18 |INFO |DEBUG: Tick start...
2026-02-20 07:44:18 |INFO |DEBUG: Generating signal for ARB/USDC...
2026-02-20 07:44:23 |INFO |DEBUG PRICE: ARB/USDC | Size: 90.0 | CEX 0.0960/0.0961 | DEX Buy:0.0967 Sell:0.0960 | Sprd A (C->D): -6.72bps | Sprd B (D->C): -68.19bps
2026-02-20 07:44:23 |INFO |DEBUG: No signal generated (Spread too low or negative?)
2026-02-20 07:44:23 |INFO |DEBUG: Tick end. Sleeping 1s...
2026-02-20 07:44:24 |INFO |DEBUG: Tick start...
2026-02-20 07:44:24 |INFO |DEBUG: Generating signal for ARB/USDC...
2026-02-20 07:44:29 |INFO |DEBUG PRICE: ARB/USDC | Size: 90.0 | CEX 0.0960/0.0961 | DEX Buy:0.0967 Sell:0.0960 | Sprd A (C->D): -6.72bps | Sprd B (D->C): -68.19bps
2026-02-20 07:44:29 |INFO |DEBUG: No signal generated (Spread too low or negative?)
2026-02-20 07:44:29 |INFO |DEBUG: Tick end. Sleeping 1s...
2026-02-20 07:44:30 |INFO |DEBUG: Tick start...
2026-02-20 07:44:30 |INFO |DEBUG: Generating signal for ARB/USDC...
2026-02-20 07:44:35 |INFO |DEBUG PRICE: ARB/USDC | Size: 90.0 | CEX 0.0960/0.0961 | DEX Buy:0.0967 Sell:0.0960 | Sprd A (C->D): -6.72bps | Sprd B (D->C): -68.19bps
2026-02-20 07:44:35 |INFO |DEBUG: No signal generated (Spread too low or negative?)
2026-02-20 07:44:35 |INFO |DEBUG: Tick end. Sleeping 1s...
2026-02-20 07:44:36 |INFO |DEBUG: Tick start...
2026-02-20 07:44:36 |INFO |DEBUG: Generating signal for ARB/USDC...
2026-02-20 07:44:41 |INFO |DEBUG PRICE: ARB/USDC | Size: 90.0 | CEX 0.0961/0.0962 | DEX Buy:0.0967 Sell:0.0960 | Sprd A (C->D): -17.10bps | Sprd B (D->C): -57.84bps
2026-02-20 07:44:41 |INFO |DEBUG: No signal generated (Spread too low or negative?)
2026-02-20 07:44:41 |INFO |DEBUG: Tick end. Sleeping 1s...
2026-02-20 07:44:42 |INFO |DEBUG: Tick start...
2026-02-20 07:44:42 |INFO |DEBUG: Generating signal for ARB/USDC...
2026-02-20 07:44:47 |INFO |DEBUG PRICE: ARB/USDC | Size: 90.0 | CEX 0.0961/0.0962 | DEX Buy:0.0967 Sell:0.0960 | Sprd A (C->D): -17.10bps | Sprd B (D->C): -57.84bps
2026-02-20 07:44:47 |INFO |DEBUG: No signal generated (Spread too low or negative?)
2026-02-20 07:44:47 |INFO |DEBUG: Tick end. Sleeping 1s...
2026-02-20 07:44:48 |INFO |DEBUG: Tick start...
2026-02-20 07:44:48 |INFO |DEBUG: Generating signal for ARB/USDC...
2026-02-20 07:44:52 |INFO |DEBUG PRICE: ARB/USDC | Size: 90.0 | CEX 0.0961/0.0962 | DEX Buy:0.0967 Sell:0.0960 | Sprd A (C->D): -17.10bps | Sprd B (D->C): -57.84bps
2026-02-20 07:44:52 |INFO |DEBUG: No signal generated (Spread too low or negative?)
2026-02-20 07:44:52 |INFO |DEBUG: Tick end. Sleeping 1s...
2026-02-20 07:44:53 |INFO |DEBUG: Tick start...
2026-02-20 07:44:53 |CRITICAL |KILL SWITCH ACTIVE - STOPPING
2026-02-20 07:44:53 |INFO |Bot stopping...
2026-02-20 07:44:53 |INFO |DEBUG: Tick end. Sleeping 1s...
2026-02-20 07:47:07 |WARNING |Bot initialized in PRODUCTION mode. REAL FUNDS AT RISK.
2026-02-20 07:47:07 |INFO |Bot starting... ChainID: 42161
2026-02-20 07:47:07 |INFO |Loading 1 pools 
2026-02-20 07:47:08 |INFO |✅ Pool loaded: UNI-V2 | Tokens: 0x912CE59144191C1204E64559FE8253a0e49E6548 - 0xaf88d065e77c8cC2239327C5EDb3A432268e5831
2026-02-20 07:47:08 |INFO |Initializing router with 1 pairs
2026-02-20 07:47:08 |INFO |DEBUG: Syncing balances (Possible blocking point)...
2026-02-20 07:47:08 |INFO |DEBUG: Fetching CEX balances...
2026-02-20 07:47:08 |INFO |Starting pricing engine...
2026-02-20 07:47:08 |INFO |Connecting to Mempool: wss://arbitrum-one-rpc.publicnode.com
2026-02-20 07:47:08 |INFO |Daily summary task scheduled for 18:00 UTC
2026-02-20 07:47:08 |INFO |DEBUG: Updating inventory...
2026-02-20 07:47:08 |INFO |DEBUG: Balances updated.
2026-02-20 07:47:08 |INFO |DEBUG: Balances synced. Entering main loop...
2026-02-20 07:47:08 |INFO |DEBUG: Tick start...
2026-02-20 07:47:08 |INFO |DEBUG: Generating signal for ARB/USDC...
2026-02-20 07:47:08 |INFO |Subscription response: {"jsonrpc":"2.0","result":"0x3440d4e3a7e0b1b201d52b1fdac0f03d","id":1}

2026-02-20 07:47:13 |INFO |DEBUG PRICE: ARB/USDC | Size: 90.0 | CEX 0.0960/0.0961 | DEX Buy:0.0967 Sell:0.0960 | Sprd A (C->D): -6.72bps | Sprd B (D->C): -68.19bps
2026-02-20 07:47:13 |INFO |DEBUG: No signal generated (Spread too low or negative?)
2026-02-20 07:47:13 |INFO |DEBUG: Tick end. Sleeping 1s...
2026-02-20 07:47:14 |INFO |DEBUG: Tick start...
2026-02-20 07:47:14 |INFO |DEBUG: Generating signal for ARB/USDC...
2026-02-20 07:47:20 |INFO |DEBUG PRICE: ARB/USDC | Size: 90.0 | CEX 0.0961/0.0962 | DEX Buy:0.0967 Sell:0.0960 | Sprd A (C->D): -17.10bps | Sprd B (D->C): -57.84bps
2026-02-20 07:47:20 |INFO |DEBUG: No signal generated (Spread too low or negative?)
2026-02-20 07:47:20 |INFO |DEBUG: Tick end. Sleeping 1s...
2026-02-20 07:47:21 |INFO |DEBUG: Tick start...
2026-02-20 07:47:21 |INFO |DEBUG: Generating signal for ARB/USDC...
2026-02-20 07:47:26 |INFO |DEBUG PRICE: ARB/USDC | Size: 90.0 | CEX 0.0961/0.0962 | DEX Buy:0.0967 Sell:0.0960 | Sprd A (C->D): -17.10bps | Sprd B (D->C): -57.84bps
2026-02-20 07:47:26 |INFO |DEBUG: No signal generated (Spread too low or negative?)
2026-02-20 07:47:26 |INFO |DEBUG: Tick end. Sleeping 1s...
2026-02-20 07:47:27 |INFO |DEBUG: Tick start...
2026-02-20 07:47:27 |CRITICAL |KILL SWITCH ACTIVE - STOPPING
2026-02-20 07:47:27 |INFO |Bot stopping...
2026-02-20 07:47:27 |INFO |DEBUG: Tick end. Sleeping 1s...
2026-02-20 07:47:38 |WARNING |Bot initialized in PRODUCTION mode. REAL FUNDS AT RISK.
2026-02-20 07:47:38 |INFO |Bot starting... ChainID: 42161
2026-02-20 07:47:38 |INFO |Loading 1 pools 
2026-02-20 07:47:40 |INFO |✅ Pool loaded: UNI-V2 | Tokens: 0x912CE59144191C1204E64559FE8253a0e49E6548 - 0xaf88d065e77c8cC2239327C5EDb3A432268e5831
2026-02-20 07:47:40 |INFO |Initializing router with 1 pairs
2026-02-20 07:47:40 |INFO |DEBUG: Syncing balances (Possible blocking point)...
2026-02-20 07:47:40 |INFO |DEBUG: Fetching CEX balances...
2026-02-20 07:47:40 |INFO |Starting pricing engine...
2026-02-20 07:47:40 |INFO |Connecting to Mempool: wss://arbitrum-one-rpc.publicnode.com
2026-02-20 07:47:40 |INFO |Daily summary task scheduled for 18:00 UTC
2026-02-20 07:47:40 |INFO |Subscription response: {"jsonrpc":"2.0","result":"0x8bf003516e92f21c08ad85797d0cce20","id":1}

2026-02-20 07:47:40 |INFO |DEBUG: Updating inventory...
2026-02-20 07:47:40 |INFO |DEBUG: Balances updated.
2026-02-20 07:47:40 |INFO |DEBUG: Balances synced. Entering main loop...
2026-02-20 07:47:40 |INFO |DEBUG: Tick start...
2026-02-20 07:47:40 |INFO |DEBUG: Generating signal for ARB/USDC...
2026-02-20 07:47:45 |INFO |DEBUG PRICE: ARB/USDC | Size: 90.0 | CEX 0.0961/0.0962 | DEX Buy:0.0967 Sell:0.0960 | Sprd A (C->D): -17.10bps | Sprd B (D->C): -57.84bps
2026-02-20 07:47:45 |INFO |DEBUG: No signal generated (Spread too low or negative?)
2026-02-20 07:47:45 |INFO |DEBUG: Tick end. Sleeping 1s...
2026-02-20 07:47:46 |INFO |DEBUG: Tick start...
2026-02-20 07:47:46 |INFO |DEBUG: Generating signal for ARB/USDC...
2026-02-20 07:47:51 |INFO |DEBUG PRICE: ARB/USDC | Size: 90.0 | CEX 0.0961/0.0962 | DEX Buy:0.0967 Sell:0.0960 | Sprd A (C->D): -17.10bps | Sprd B (D->C): -57.84bps
2026-02-20 07:47:51 |INFO |DEBUG: No signal generated (Spread too low or negative?)
2026-02-20 07:47:51 |INFO |DEBUG: Tick end. Sleeping 1s...
2026-02-20 07:47:52 |INFO |DEBUG: Tick start...
2026-02-20 07:47:52 |INFO |DEBUG: Generating signal for ARB/USDC...
2026-02-20 07:47:57 |INFO |DEBUG PRICE: ARB/USDC | Size: 90.0 | CEX 0.0961/0.0962 | DEX Buy:0.0967 Sell:0.0960 | Sprd A (C->D): -17.10bps | Sprd B (D->C): -57.84bps
2026-02-20 07:47:57 |INFO |DEBUG: No signal generated (Spread too low or negative?)
2026-02-20 07:47:57 |INFO |DEBUG: Tick end. Sleeping 1s...
2026-02-20 07:47:58 |INFO |DEBUG: Tick start...
2026-02-20 07:47:58 |INFO |DEBUG: Generating signal for ARB/USDC...
2026-02-20 07:48:03 |INFO |DEBUG PRICE: ARB/USDC | Size: 90.0 | CEX 0.0961/0.0962 | DEX Buy:0.0967 Sell:0.0960 | Sprd A (C->D): -17.10bps | Sprd B (D->C): -57.84bps
2026-02-20 07:48:03 |INFO |DEBUG: No signal generated (Spread too low or negative?)
2026-02-20 07:48:03 |INFO |DEBUG: Tick end. Sleeping 1s...
2026-02-20 07:48:04 |INFO |DEBUG: Tick start...
2026-02-20 07:48:04 |INFO |DEBUG: Generating signal for ARB/USDC...
2026-02-20 07:48:09 |INFO |DEBUG PRICE: ARB/USDC | Size: 90.0 | CEX 0.0962/0.0963 | DEX Buy:0.0967 Sell:0.0960 | Sprd A (C->D): -27.47bps | Sprd B (D->C): -47.50bps
2026-02-20 07:48:09 |INFO |Bot stopped by user
2026-02-20 07:49:55 |WARNING |Bot initialized in PRODUCTION mode. REAL FUNDS AT RISK.
2026-02-20 07:49:55 |INFO |Bot starting... ChainID: 42161
2026-02-20 07:49:55 |INFO |Loading 1 pools 
2026-02-20 07:49:56 |INFO |✅ Pool loaded: UNI-V2 | Tokens: 0x912CE59144191C1204E64559FE8253a0e49E6548 - 0xaf88d065e77c8cC2239327C5EDb3A432268e5831
2026-02-20 07:49:56 |INFO |Initializing router with 1 pairs
2026-02-20 07:49:56 |INFO |DEBUG: Syncing balances (Possible blocking point)...
2026-02-20 07:49:56 |INFO |DEBUG: Fetching CEX balances...
2026-02-20 07:49:56 |INFO |Starting pricing engine...
2026-02-20 07:49:56 |INFO |Connecting to Mempool: wss://arbitrum-one-rpc.publicnode.com
2026-02-20 07:49:56 |INFO |Daily summary task scheduled for 18:00 UTC
2026-02-20 07:49:56 |INFO |DEBUG: Updating inventory...
2026-02-20 07:49:56 |INFO |DEBUG: Balances updated.
2026-02-20 07:49:56 |INFO |DEBUG: Balances synced. Entering main loop...
2026-02-20 07:49:56 |INFO |DEBUG: Tick start...
2026-02-20 07:49:56 |INFO |DEBUG: Generating signal for ARB/USDC...
2026-02-20 07:49:56 |INFO |Subscription response: {"jsonrpc":"2.0","result":"0xa954ee9fec22e7d2889ae2b0b9237fa3","id":1}

2026-02-20 07:50:01 |INFO |DEBUG PRICE: ARB/USDC | Size: 90.0 | CEX 0.0962/0.0963 | DEX Buy:0.0967 Sell:0.0960 | Sprd A (C->D): -27.47bps | Sprd B (D->C): -47.50bps
2026-02-20 07:50:01 |INFO |DEBUG: No signal generated (Spread too low or negative?)
2026-02-20 07:50:01 |INFO |DEBUG: Tick end. Sleeping 1s...
2026-02-20 07:50:02 |INFO |DEBUG: Tick start...
2026-02-20 07:50:02 |INFO |DEBUG: Generating signal for ARB/USDC...
2026-02-20 07:50:08 |INFO |DEBUG PRICE: ARB/USDC | Size: 90.0 | CEX 0.0963/0.0964 | DEX Buy:0.0967 Sell:0.0960 | Sprd A (C->D): -37.82bps | Sprd B (D->C): -37.16bps
2026-02-20 07:50:08 |INFO |DEBUG: No signal generated (Spread too low or negative?)
2026-02-20 07:50:08 |INFO |DEBUG: Tick end. Sleeping 1s...
2026-02-20 07:50:09 |INFO |DEBUG: Tick start...
2026-02-20 07:50:09 |INFO |DEBUG: Generating signal for ARB/USDC...
2026-02-20 07:50:13 |INFO |DEBUG PRICE: ARB/USDC | Size: 90.0 | CEX 0.0963/0.0964 | DEX Buy:0.0967 Sell:0.0960 | Sprd A (C->D): -37.82bps | Sprd B (D->C): -37.16bps
2026-02-20 07:50:13 |INFO |DEBUG: No signal generated (Spread too low or negative?)
2026-02-20 07:50:13 |INFO |DEBUG: Tick end. Sleeping 1s...
2026-02-20 07:50:14 |INFO |DEBUG: Tick start...
2026-02-20 07:50:14 |INFO |DEBUG: Generating signal for ARB/USDC...
2026-02-20 07:50:19 |INFO |DEBUG PRICE: ARB/USDC | Size: 90.0 | CEX 0.0964/0.0965 | DEX Buy:0.0967 Sell:0.0960 | Sprd A (C->D): -48.14bps | Sprd B (D->C): -26.81bps
2026-02-20 07:50:19 |INFO |DEBUG: No signal generated (Spread too low or negative?)
2026-02-20 07:50:19 |INFO |DEBUG: Tick end. Sleeping 1s...
2026-02-20 07:50:20 |INFO |DEBUG: Tick start...
2026-02-20 07:50:20 |INFO |DEBUG: Generating signal for ARB/USDC...
2026-02-20 07:50:24 |INFO |DEBUG PRICE: ARB/USDC | Size: 90.0 | CEX 0.0964/0.0965 | DEX Buy:0.0967 Sell:0.0960 | Sprd A (C->D): -48.14bps | Sprd B (D->C): -26.81bps
2026-02-20 07:50:24 |INFO |DEBUG: No signal generated (Spread too low or negative?)
2026-02-20 07:50:24 |INFO |DEBUG: Tick end. Sleeping 1s...
2026-02-20 07:50:25 |INFO |DEBUG: Tick start...
2026-02-20 07:50:25 |INFO |DEBUG: Generating signal for ARB/USDC...
2026-02-20 07:50:30 |INFO |DEBUG PRICE: ARB/USDC | Size: 90.0 | CEX 0.0964/0.0965 | DEX Buy:0.0967 Sell:0.0960 | Sprd A (C->D): -48.14bps | Sprd B (D->C): -26.81bps
2026-02-20 07:50:30 |INFO |DEBUG: No signal generated (Spread too low or negative?)
2026-02-20 07:50:30 |INFO |DEBUG: Tick end. Sleeping 1s...
2026-02-20 07:50:31 |INFO |DEBUG: Tick start...
2026-02-20 07:50:31 |INFO |DEBUG: Generating signal for ARB/USDC...
2026-02-20 07:50:35 |INFO |DEBUG PRICE: ARB/USDC | Size: 90.0 | CEX 0.0964/0.0965 | DEX Buy:0.0967 Sell:0.0960 | Sprd A (C->D): -48.14bps | Sprd B (D->C): -26.81bps
2026-02-20 07:50:35 |INFO |DEBUG: No signal generated (Spread too low or negative?)
2026-02-20 07:50:35 |INFO |DEBUG: Tick end. Sleeping 1s...
2026-02-20 07:50:36 |INFO |DEBUG: Tick start...
2026-02-20 07:50:36 |INFO |DEBUG: Generating signal for ARB/USDC...
2026-02-20 07:50:41 |INFO |DEBUG PRICE: ARB/USDC | Size: 90.0 | CEX 0.0964/0.0965 | DEX Buy:0.0967 Sell:0.0960 | Sprd A (C->D): -48.14bps | Sprd B (D->C): -26.81bps
2026-02-20 07:50:41 |INFO |DEBUG: No signal generated (Spread too low or negative?)
2026-02-20 07:50:41 |INFO |DEBUG: Tick end. Sleeping 1s...
2026-02-20 07:50:42 |INFO |DEBUG: Tick start...
2026-02-20 07:50:42 |INFO |DEBUG: Generating signal for ARB/USDC...
2026-02-20 07:50:47 |INFO |DEBUG PRICE: ARB/USDC | Size: 90.0 | CEX 0.0964/0.0965 | DEX Buy:0.0967 Sell:0.0960 | Sprd A (C->D): -48.14bps | Sprd B (D->C): -26.81bps
2026-02-20 07:50:47 |INFO |DEBUG: No signal generated (Spread too low or negative?)
2026-02-20 07:50:47 |INFO |DEBUG: Tick end. Sleeping 1s...
2026-02-20 07:50:48 |INFO |DEBUG: Tick start...
2026-02-20 07:50:48 |INFO |DEBUG: Generating signal for ARB/USDC...
2026-02-20 07:50:52 |INFO |DEBUG PRICE: ARB/USDC | Size: 90.0 | CEX 0.0964/0.0965 | DEX Buy:0.0967 Sell:0.0960 | Sprd A (C->D): -48.14bps | Sprd B (D->C): -26.81bps
2026-02-20 07:50:52 |INFO |DEBUG: No signal generated (Spread too low or negative?)
2026-02-20 07:50:52 |INFO |DEBUG: Tick end. Sleeping 1s...
2026-02-20 07:50:53 |INFO |DEBUG: Tick start...
2026-02-20 07:50:53 |INFO |DEBUG: Generating signal for ARB/USDC...
2026-02-20 07:50:58 |INFO |DEBUG PRICE: ARB/USDC | Size: 90.0 | CEX 0.0964/0.0965 | DEX Buy:0.0967 Sell:0.0960 | Sprd A (C->D): -48.14bps | Sprd B (D->C): -26.81bps
2026-02-20 07:50:58 |INFO |DEBUG: No signal generated (Spread too low or negative?)
2026-02-20 07:50:58 |INFO |DEBUG: Tick end. Sleeping 1s...
2026-02-20 07:50:59 |INFO |DEBUG: Tick start...
2026-02-20 07:50:59 |INFO |DEBUG: Generating signal for ARB/USDC...
2026-02-20 07:51:03 |INFO |DEBUG PRICE: ARB/USDC | Size: 90.0 | CEX 0.0964/0.0965 | DEX Buy:0.0967 Sell:0.0960 | Sprd A (C->D): -48.14bps | Sprd B (D->C): -26.81bps
2026-02-20 07:51:03 |INFO |DEBUG: No signal generated (Spread too low or negative?)
2026-02-20 07:51:03 |INFO |DEBUG: Tick end. Sleeping 1s...
2026-02-20 07:51:04 |INFO |DEBUG: Tick start...
2026-02-20 07:51:04 |INFO |DEBUG: Generating signal for ARB/USDC...
2026-02-20 07:51:09 |INFO |DEBUG PRICE: ARB/USDC | Size: 90.0 | CEX 0.0964/0.0965 | DEX Buy:0.0967 Sell:0.0960 | Sprd A (C->D): -48.14bps | Sprd B (D->C): -26.81bps
2026-02-20 07:51:09 |INFO |DEBUG: No signal generated (Spread too low or negative?)
2026-02-20 07:51:09 |INFO |DEBUG: Tick end. Sleeping 1s...
2026-02-20 07:51:10 |INFO |DEBUG: Tick start...
2026-02-20 07:51:10 |INFO |DEBUG: Generating signal for ARB/USDC...
2026-02-20 07:51:17 |INFO |DEBUG PRICE: ARB/USDC | Size: 90.0 | CEX 0.0964/0.0965 | DEX Buy:0.0967 Sell:0.0960 | Sprd A (C->D): -48.14bps | Sprd B (D->C): -26.81bps
2026-02-20 07:51:17 |INFO |DEBUG: No signal generated (Spread too low or negative?)
2026-02-20 07:51:17 |INFO |DEBUG: Tick end. Sleeping 1s...
2026-02-20 07:51:18 |INFO |DEBUG: Tick start...
2026-02-20 07:51:18 |INFO |DEBUG: Generating signal for ARB/USDC...
2026-02-20 07:51:22 |INFO |DEBUG PRICE: ARB/USDC | Size: 90.0 | CEX 0.0964/0.0965 | DEX Buy:0.0967 Sell:0.0960 | Sprd A (C->D): -48.14bps | Sprd B (D->C): -26.81bps
2026-02-20 07:51:22 |INFO |DEBUG: No signal generated (Spread too low or negative?)
2026-02-20 07:51:22 |INFO |DEBUG: Tick end. Sleeping 1s...
2026-02-20 07:51:23 |INFO |DEBUG: Tick start...
2026-02-20 07:51:23 |INFO |DEBUG: Generating signal for ARB/USDC...
2026-02-20 07:51:27 |INFO |DEBUG PRICE: ARB/USDC | Size: 90.0 | CEX 0.0964/0.0965 | DEX Buy:0.0967 Sell:0.0960 | Sprd A (C->D): -48.14bps | Sprd B (D->C): -26.81bps
2026-02-20 07:51:27 |INFO |DEBUG: No signal generated (Spread too low or negative?)
2026-02-20 07:51:27 |INFO |DEBUG: Tick end. Sleeping 1s...
2026-02-20 07:51:28 |INFO |DEBUG: Tick start...
2026-02-20 07:51:29 |INFO |DEBUG: Generating signal for ARB/USDC...
2026-02-20 07:51:33 |INFO |DEBUG PRICE: ARB/USDC | Size: 90.0 | CEX 0.0964/0.0965 | DEX Buy:0.0967 Sell:0.0960 | Sprd A (C->D): -48.14bps | Sprd B (D->C): -26.81bps
2026-02-20 07:51:33 |INFO |DEBUG: No signal generated (Spread too low or negative?)
2026-02-20 07:51:33 |INFO |DEBUG: Tick end. Sleeping 1s...
2026-02-20 07:51:33 |ERROR |Connection lost: received 1013 (try again later) Connection timeout exceeded; then sent 1013 (try again later) Connection timeout exceeded. Reconnecting in 5s...
2026-02-20 07:51:34 |INFO |DEBUG: Tick start...
2026-02-20 07:51:34 |INFO |DEBUG: Generating signal for ARB/USDC...
2026-02-20 07:51:38 |INFO |DEBUG PRICE: ARB/USDC | Size: 90.0 | CEX 0.0964/0.0965 | DEX Buy:0.0967 Sell:0.0960 | Sprd A (C->D): -48.14bps | Sprd B (D->C): -26.81bps
2026-02-20 07:51:38 |INFO |DEBUG: No signal generated (Spread too low or negative?)
2026-02-20 07:51:38 |INFO |DEBUG: Tick end. Sleeping 1s...
2026-02-20 07:51:39 |INFO |Subscription response: {"jsonrpc":"2.0","result":"0xe8b16c238361de99e24240d65af8a1a7","id":1}

2026-02-20 07:51:39 |INFO |DEBUG: Tick start...
2026-02-20 07:51:39 |INFO |DEBUG: Generating signal for ARB/USDC...
2026-02-20 07:51:44 |INFO |DEBUG PRICE: ARB/USDC | Size: 90.0 | CEX 0.0964/0.0965 | DEX Buy:0.0967 Sell:0.0960 | Sprd A (C->D): -48.14bps | Sprd B (D->C): -26.81bps
2026-02-20 07:51:44 |INFO |DEBUG: No signal generated (Spread too low or negative?)
2026-02-20 07:51:44 |INFO |DEBUG: Tick end. Sleeping 1s...
2026-02-20 07:51:45 |INFO |DEBUG: Tick start...
2026-02-20 07:51:45 |INFO |DEBUG: Generating signal for ARB/USDC...
2026-02-20 07:51:50 |INFO |DEBUG PRICE: ARB/USDC | Size: 90.0 | CEX 0.0963/0.0964 | DEX Buy:0.0967 Sell:0.0960 | Sprd A (C->D): -37.82bps | Sprd B (D->C): -37.16bps
2026-02-20 07:51:50 |INFO |DEBUG: No signal generated (Spread too low or negative?)
2026-02-20 07:51:50 |INFO |DEBUG: Tick end. Sleeping 1s...
2026-02-20 07:51:51 |INFO |DEBUG: Tick start...
2026-02-20 07:51:51 |INFO |DEBUG: Generating signal for ARB/USDC...
2026-02-20 07:51:56 |INFO |DEBUG PRICE: ARB/USDC | Size: 90.0 | CEX 0.0963/0.0964 | DEX Buy:0.0967 Sell:0.0960 | Sprd A (C->D): -37.82bps | Sprd B (D->C): -37.16bps
2026-02-20 07:51:56 |INFO |DEBUG: No signal generated (Spread too low or negative?)
2026-02-20 07:51:56 |INFO |DEBUG: Tick end. Sleeping 1s...
2026-02-20 07:51:57 |INFO |DEBUG: Tick start...
2026-02-20 07:51:57 |INFO |DEBUG: Generating signal for ARB/USDC...
2026-02-20 07:52:01 |INFO |DEBUG PRICE: ARB/USDC | Size: 90.0 | CEX 0.0963/0.0964 | DEX Buy:0.0967 Sell:0.0960 | Sprd A (C->D): -37.82bps | Sprd B (D->C): -37.16bps
2026-02-20 07:52:01 |INFO |DEBUG: No signal generated (Spread too low or negative?)
2026-02-20 07:52:01 |INFO |DEBUG: Tick end. Sleeping 1s...
2026-02-20 07:52:02 |INFO |DEBUG: Tick start...
2026-02-20 07:52:02 |INFO |DEBUG: Generating signal for ARB/USDC...
2026-02-20 07:52:07 |INFO |DEBUG PRICE: ARB/USDC | Size: 90.0 | CEX 0.0964/0.0965 | DEX Buy:0.0967 Sell:0.0960 | Sprd A (C->D): -48.14bps | Sprd B (D->C): -26.81bps
2026-02-20 07:52:07 |INFO |DEBUG: No signal generated (Spread too low or negative?)
2026-02-20 07:52:07 |INFO |DEBUG: Tick end. Sleeping 1s...
2026-02-20 07:52:08 |INFO |DEBUG: Tick start...
2026-02-20 07:52:08 |INFO |DEBUG: Generating signal for ARB/USDC...
2026-02-20 07:52:12 |INFO |DEBUG PRICE: ARB/USDC | Size: 90.0 | CEX 0.0964/0.0965 | DEX Buy:0.0967 Sell:0.0960 | Sprd A (C->D): -48.14bps | Sprd B (D->C): -26.81bps
2026-02-20 07:52:12 |INFO |DEBUG: No signal generated (Spread too low or negative?)
2026-02-20 07:52:12 |INFO |DEBUG: Tick end. Sleeping 1s...
2026-02-20 07:52:13 |INFO |DEBUG: Tick start...
2026-02-20 07:52:13 |INFO |DEBUG: Generating signal for ARB/USDC...
2026-02-20 07:52:18 |INFO |DEBUG PRICE: ARB/USDC | Size: 90.0 | CEX 0.0963/0.0965 | DEX Buy:0.0967 Sell:0.0960 | Sprd A (C->D): -48.14bps | Sprd B (D->C): -37.16bps
2026-02-20 07:52:18 |INFO |DEBUG: No signal generated (Spread too low or negative?)
2026-02-20 07:52:18 |INFO |DEBUG: Tick end. Sleeping 1s...
2026-02-20 07:52:20 |INFO |DEBUG: Tick start...
2026-02-20 07:52:20 |INFO |DEBUG: Generating signal for ARB/USDC...
2026-02-20 07:52:24 |INFO |DEBUG PRICE: ARB/USDC | Size: 90.0 | CEX 0.0964/0.0965 | DEX Buy:0.0967 Sell:0.0960 | Sprd A (C->D): -48.14bps | Sprd B (D->C): -26.81bps
2026-02-20 07:52:24 |INFO |DEBUG: No signal generated (Spread too low or negative?)
2026-02-20 07:52:24 |INFO |DEBUG: Tick end. Sleeping 1s...
2026-02-20 07:52:25 |INFO |DEBUG: Tick start...
2026-02-20 07:52:25 |INFO |DEBUG: Generating signal for ARB/USDC...
2026-02-20 07:52:29 |INFO |DEBUG PRICE: ARB/USDC | Size: 90.0 | CEX 0.0964/0.0965 | DEX Buy:0.0967 Sell:0.0960 | Sprd A (C->D): -48.14bps | Sprd B (D->C): -26.81bps
2026-02-20 07:52:29 |INFO |DEBUG: No signal generated (Spread too low or negative?)
2026-02-20 07:52:29 |INFO |DEBUG: Tick end. Sleeping 1s...
2026-02-20 07:52:30 |INFO |DEBUG: Tick start...
2026-02-20 07:52:30 |INFO |DEBUG: Generating signal for ARB/USDC...
2026-02-20 07:52:35 |INFO |DEBUG PRICE: ARB/USDC | Size: 90.0 | CEX 0.0964/0.0965 | DEX Buy:0.0967 Sell:0.0960 | Sprd A (C->D): -48.14bps | Sprd B (D->C): -26.81bps
2026-02-20 07:52:35 |INFO |DEBUG: No signal generated (Spread too low or negative?)
2026-02-20 07:52:35 |INFO |DEBUG: Tick end. Sleeping 1s...
2026-02-20 07:52:36 |INFO |DEBUG: Tick start...
2026-02-20 07:52:36 |INFO |DEBUG: Generating signal for ARB/USDC...
2026-02-20 07:52:40 |INFO |DEBUG PRICE: ARB/USDC | Size: 90.0 | CEX 0.0963/0.0964 | DEX Buy:0.0967 Sell:0.0960 | Sprd A (C->D): -37.82bps | Sprd B (D->C): -37.16bps
2026-02-20 07:52:40 |INFO |DEBUG: No signal generated (Spread too low or negative?)
2026-02-20 07:52:40 |INFO |DEBUG: Tick end. Sleeping 1s...
2026-02-20 07:52:41 |INFO |DEBUG: Tick start...
2026-02-20 07:52:41 |INFO |DEBUG: Generating signal for ARB/USDC...
2026-02-20 07:52:45 |INFO |DEBUG PRICE: ARB/USDC | Size: 90.0 | CEX 0.0963/0.0964 | DEX Buy:0.0967 Sell:0.0960 | Sprd A (C->D): -37.82bps | Sprd B (D->C): -37.16bps
2026-02-20 07:52:45 |INFO |DEBUG: No signal generated (Spread too low or negative?)
2026-02-20 07:52:45 |INFO |DEBUG: Tick end. Sleeping 1s...
2026-02-20 07:52:46 |INFO |DEBUG: Tick start...
2026-02-20 07:52:46 |INFO |DEBUG: Generating signal for ARB/USDC...
2026-02-20 07:52:51 |INFO |DEBUG PRICE: ARB/USDC | Size: 90.0 | CEX 0.0963/0.0964 | DEX Buy:0.0967 Sell:0.0960 | Sprd A (C->D): -37.82bps | Sprd B (D->C): -37.16bps
2026-02-20 07:52:51 |INFO |DEBUG: No signal generated (Spread too low or negative?)
2026-02-20 07:52:51 |INFO |DEBUG: Tick end. Sleeping 1s...
2026-02-20 07:52:53 |INFO |DEBUG: Tick start...
2026-02-20 07:52:53 |INFO |DEBUG: Generating signal for ARB/USDC...
2026-02-20 07:52:57 |INFO |DEBUG PRICE: ARB/USDC | Size: 90.0 | CEX 0.0963/0.0964 | DEX Buy:0.0967 Sell:0.0960 | Sprd A (C->D): -37.82bps | Sprd B (D->C): -37.16bps
2026-02-20 07:52:57 |INFO |DEBUG: No signal generated (Spread too low or negative?)
2026-02-20 07:52:57 |INFO |DEBUG: Tick end. Sleeping 1s...
2026-02-20 07:52:58 |INFO |DEBUG: Tick start...
2026-02-20 07:52:58 |INFO |DEBUG: Generating signal for ARB/USDC...
2026-02-20 07:53:03 |INFO |DEBUG PRICE: ARB/USDC | Size: 90.0 | CEX 0.0963/0.0964 | DEX Buy:0.0967 Sell:0.0960 | Sprd A (C->D): -37.82bps | Sprd B (D->C): -37.16bps
2026-02-20 07:53:03 |INFO |DEBUG: No signal generated (Spread too low or negative?)
2026-02-20 07:53:03 |INFO |DEBUG: Tick end. Sleeping 1s...
2026-02-20 07:53:04 |INFO |DEBUG: Tick start...
2026-02-20 07:53:04 |INFO |DEBUG: Generating signal for ARB/USDC...
2026-02-20 07:53:08 |INFO |DEBUG PRICE: ARB/USDC | Size: 90.0 | CEX 0.0963/0.0964 | DEX Buy:0.0967 Sell:0.0960 | Sprd A (C->D): -37.82bps | Sprd B (D->C): -37.16bps
2026-02-20 07:53:08 |INFO |DEBUG: No signal generated (Spread too low or negative?)
2026-02-20 07:53:08 |INFO |DEBUG: Tick end. Sleeping 1s...
2026-02-20 07:53:09 |INFO |DEBUG: Tick start...
2026-02-20 07:53:09 |INFO |DEBUG: Generating signal for ARB/USDC...
2026-02-20 07:53:14 |INFO |DEBUG PRICE: ARB/USDC | Size: 90.0 | CEX 0.0962/0.0963 | DEX Buy:0.0967 Sell:0.0960 | Sprd A (C->D): -27.47bps | Sprd B (D->C): -47.50bps
2026-02-20 07:53:14 |INFO |DEBUG: No signal generated (Spread too low or negative?)
2026-02-20 07:53:14 |INFO |DEBUG: Tick end. Sleeping 1s...
2026-02-20 07:53:15 |INFO |DEBUG: Tick start...
2026-02-20 07:53:15 |INFO |DEBUG: Generating signal for ARB/USDC...
2026-02-20 07:53:19 |INFO |DEBUG PRICE: ARB/USDC | Size: 90.0 | CEX 0.0962/0.0964 | DEX Buy:0.0967 Sell:0.0960 | Sprd A (C->D): -37.82bps | Sprd B (D->C): -47.50bps
2026-02-20 07:53:19 |INFO |DEBUG: No signal generated (Spread too low or negative?)
2026-02-20 07:53:19 |INFO |DEBUG: Tick end. Sleeping 1s...
2026-02-20 07:53:20 |INFO |DEBUG: Tick start...
2026-02-20 07:53:20 |INFO |DEBUG: Generating signal for ARB/USDC...
2026-02-20 07:53:26 |INFO |DEBUG PRICE: ARB/USDC | Size: 90.0 | CEX 0.0963/0.0964 | DEX Buy:0.0967 Sell:0.0960 | Sprd A (C->D): -37.82bps | Sprd B (D->C): -37.16bps
2026-02-20 07:53:26 |INFO |DEBUG: No signal generated (Spread too low or negative?)
2026-02-20 07:53:26 |INFO |DEBUG: Tick end. Sleeping 1s...
2026-02-20 07:53:27 |INFO |DEBUG: Tick start...
2026-02-20 07:53:27 |INFO |DEBUG: Generating signal for ARB/USDC...
2026-02-20 07:53:31 |INFO |DEBUG PRICE: ARB/USDC | Size: 90.0 | CEX 0.0963/0.0964 | DEX Buy:0.0967 Sell:0.0960 | Sprd A (C->D): -37.82bps | Sprd B (D->C): -37.16bps
2026-02-20 07:53:31 |INFO |DEBUG: No signal generated (Spread too low or negative?)
2026-02-20 07:53:31 |INFO |DEBUG: Tick end. Sleeping 1s...
2026-02-20 07:53:32 |INFO |DEBUG: Tick start...
2026-02-20 07:53:32 |CRITICAL |KILL SWITCH ACTIVE - STOPPING
2026-02-20 07:53:32 |INFO |Bot stopping...
2026-02-20 07:53:32 |INFO |DEBUG: Tick end. Sleeping 1s...
2026-02-20 07:53:47 |WARNING |Bot initialized in PRODUCTION mode. REAL FUNDS AT RISK.
2026-02-20 07:53:47 |INFO |Bot starting... ChainID: 42161
2026-02-20 07:53:47 |INFO |Loading 1 pools 
2026-02-20 07:53:48 |INFO |✅ Pool loaded: UNI-V2 | Tokens: 0x912CE59144191C1204E64559FE8253a0e49E6548 - 0xaf88d065e77c8cC2239327C5EDb3A432268e5831
2026-02-20 07:53:48 |INFO |Initializing router with 1 pairs
2026-02-20 07:53:48 |INFO |DEBUG: Syncing balances (Possible blocking point)...
2026-02-20 07:53:48 |INFO |DEBUG: Fetching CEX balances...
2026-02-20 07:53:48 |INFO |Starting pricing engine...
2026-02-20 07:53:48 |INFO |Connecting to Mempool: wss://arbitrum-one-rpc.publicnode.com
2026-02-20 07:53:48 |INFO |Daily summary task scheduled for 18:00 UTC
2026-02-20 07:53:49 |INFO |Subscription response: {"jsonrpc":"2.0","result":"0x57d4d647e5e8856ee56a53372cabec3e","id":1}

2026-02-20 07:53:49 |INFO |DEBUG: Updating inventory...
2026-02-20 07:53:49 |INFO |DEBUG: Balances updated.
2026-02-20 07:53:49 |INFO |DEBUG: Balances synced. Entering main loop...
2026-02-20 07:53:49 |INFO |DEBUG: Tick start...
2026-02-20 07:53:49 |INFO |DEBUG: Generating signal for ARB/USDC...
2026-02-20 07:53:53 |INFO |DEBUG PRICE: ARB/USDC | Size: 90.0 | CEX 0.0964/0.0965 | DEX Buy:0.0967 Sell:0.0960 | Sprd A (C->D): -48.14bps | Sprd B (D->C): -26.81bps
2026-02-20 07:53:53 |INFO |DEBUG: No signal generated (Spread too low or negative?)
2026-02-20 07:53:53 |INFO |DEBUG: Tick end. Sleeping 1s...
2026-02-20 07:53:54 |INFO |DEBUG: Tick start...
2026-02-20 07:53:54 |INFO |DEBUG: Generating signal for ARB/USDC...
2026-02-20 07:54:00 |INFO |DEBUG PRICE: ARB/USDC | Size: 90.0 | CEX 0.0964/0.0965 | DEX Buy:0.0967 Sell:0.0960 | Sprd A (C->D): -48.14bps | Sprd B (D->C): -26.81bps
2026-02-20 07:54:00 |INFO |DEBUG: No signal generated (Spread too low or negative?)
2026-02-20 07:54:00 |INFO |DEBUG: Tick end. Sleeping 1s...
2026-02-20 07:54:01 |INFO |DEBUG: Tick start...
2026-02-20 07:54:01 |INFO |DEBUG: Generating signal for ARB/USDC...
2026-02-20 07:54:06 |INFO |DEBUG PRICE: ARB/USDC | Size: 90.0 | CEX 0.0964/0.0965 | DEX Buy:0.0967 Sell:0.0960 | Sprd A (C->D): -48.14bps | Sprd B (D->C): -26.81bps
2026-02-20 07:54:06 |INFO |DEBUG: No signal generated (Spread too low or negative?)
2026-02-20 07:54:06 |INFO |DEBUG: Tick end. Sleeping 1s...
2026-02-20 07:54:07 |INFO |DEBUG: Tick start...
2026-02-20 07:54:07 |INFO |DEBUG: Generating signal for ARB/USDC...
2026-02-20 07:54:11 |INFO |DEBUG PRICE: ARB/USDC | Size: 90.0 | CEX 0.0964/0.0965 | DEX Buy:0.0967 Sell:0.0960 | Sprd A (C->D): -48.14bps | Sprd B (D->C): -26.81bps
2026-02-20 07:54:11 |INFO |DEBUG: No signal generated (Spread too low or negative?)
2026-02-20 07:54:11 |INFO |DEBUG: Tick end. Sleeping 1s...
2026-02-20 07:54:12 |INFO |DEBUG: Tick start...
2026-02-20 07:54:12 |INFO |DEBUG: Generating signal for ARB/USDC...
2026-02-20 07:54:17 |INFO |DEBUG PRICE: ARB/USDC | Size: 90.0 | CEX 0.0964/0.0965 | DEX Buy:0.0967 Sell:0.0960 | Sprd A (C->D): -48.14bps | Sprd B (D->C): -26.81bps
2026-02-20 07:54:17 |INFO |DEBUG: No signal generated (Spread too low or negative?)
2026-02-20 07:54:17 |INFO |DEBUG: Tick end. Sleeping 1s...
2026-02-20 07:54:18 |INFO |DEBUG: Tick start...
2026-02-20 07:54:18 |INFO |DEBUG: Generating signal for ARB/USDC...
2026-02-20 07:54:22 |INFO |DEBUG PRICE: ARB/USDC | Size: 90.0 | CEX 0.0964/0.0965 | DEX Buy:0.0967 Sell:0.0960 | Sprd A (C->D): -48.14bps | Sprd B (D->C): -26.81bps
2026-02-20 07:54:22 |INFO |DEBUG: No signal generated (Spread too low or negative?)
2026-02-20 07:54:22 |INFO |DEBUG: Tick end. Sleeping 1s...
2026-02-20 07:54:23 |INFO |DEBUG: Tick start...
2026-02-20 07:54:23 |INFO |DEBUG: Generating signal for ARB/USDC...
2026-02-20 07:54:28 |INFO |DEBUG PRICE: ARB/USDC | Size: 90.0 | CEX 0.0964/0.0965 | DEX Buy:0.0967 Sell:0.0960 | Sprd A (C->D): -48.14bps | Sprd B (D->C): -26.81bps
2026-02-20 07:54:28 |INFO |DEBUG: No signal generated (Spread too low or negative?)
2026-02-20 07:54:28 |INFO |DEBUG: Tick end. Sleeping 1s...
2026-02-20 07:54:29 |INFO |DEBUG: Tick start...
2026-02-20 07:54:29 |INFO |DEBUG: Generating signal for ARB/USDC...
2026-02-20 07:54:34 |INFO |DEBUG PRICE: ARB/USDC | Size: 90.0 | CEX 0.0964/0.0965 | DEX Buy:0.0967 Sell:0.0960 | Sprd A (C->D): -48.14bps | Sprd B (D->C): -26.81bps
2026-02-20 07:54:34 |INFO |DEBUG: No signal generated (Spread too low or negative?)
2026-02-20 07:54:34 |INFO |DEBUG: Tick end. Sleeping 1s...
2026-02-20 07:54:35 |INFO |DEBUG: Tick start...
2026-02-20 07:54:35 |INFO |DEBUG: Generating signal for ARB/USDC...
2026-02-20 07:54:40 |INFO |DEBUG PRICE: ARB/USDC | Size: 90.0 | CEX 0.0964/0.0965 | DEX Buy:0.0967 Sell:0.0960 | Sprd A (C->D): -48.14bps | Sprd B (D->C): -26.81bps
2026-02-20 07:54:40 |INFO |DEBUG: No signal generated (Spread too low or negative?)
2026-02-20 07:54:40 |INFO |DEBUG: Tick end. Sleeping 1s...
2026-02-20 07:54:41 |INFO |DEBUG: Tick start...
2026-02-20 07:54:41 |INFO |DEBUG: Generating signal for ARB/USDC...
2026-02-20 07:54:45 |INFO |DEBUG PRICE: ARB/USDC | Size: 90.0 | CEX 0.0964/0.0965 | DEX Buy:0.0967 Sell:0.0960 | Sprd A (C->D): -48.14bps | Sprd B (D->C): -26.81bps
2026-02-20 07:54:45 |INFO |DEBUG: No signal generated (Spread too low or negative?)
2026-02-20 07:54:45 |INFO |DEBUG: Tick end. Sleeping 1s...
2026-02-20 07:54:46 |INFO |DEBUG: Tick start...
2026-02-20 07:54:46 |INFO |DEBUG: Generating signal for ARB/USDC...
2026-02-20 07:54:51 |INFO |DEBUG PRICE: ARB/USDC | Size: 90.0 | CEX 0.0964/0.0965 | DEX Buy:0.0967 Sell:0.0960 | Sprd A (C->D): -48.14bps | Sprd B (D->C): -26.81bps
2026-02-20 07:54:51 |INFO |DEBUG: No signal generated (Spread too low or negative?)
2026-02-20 07:54:51 |INFO |DEBUG: Tick end. Sleeping 1s...
2026-02-20 07:54:52 |INFO |DEBUG: Tick start...
2026-02-20 07:54:52 |INFO |DEBUG: Generating signal for ARB/USDC...
2026-02-20 07:54:56 |INFO |DEBUG PRICE: ARB/USDC | Size: 90.0 | CEX 0.0964/0.0965 | DEX Buy:0.0967 Sell:0.0960 | Sprd A (C->D): -48.14bps | Sprd B (D->C): -26.81bps
2026-02-20 07:54:56 |INFO |DEBUG: No signal generated (Spread too low or negative?)
2026-02-20 07:54:56 |INFO |DEBUG: Tick end. Sleeping 1s...
2026-02-20 07:54:57 |INFO |DEBUG: Tick start...
2026-02-20 07:54:57 |INFO |DEBUG: Generating signal for ARB/USDC...
2026-02-20 07:55:02 |INFO |DEBUG PRICE: ARB/USDC | Size: 90.0 | CEX 0.0964/0.0965 | DEX Buy:0.0967 Sell:0.0960 | Sprd A (C->D): -48.14bps | Sprd B (D->C): -26.81bps
2026-02-20 07:55:02 |INFO |DEBUG: No signal generated (Spread too low or negative?)
2026-02-20 07:55:02 |INFO |DEBUG: Tick end. Sleeping 1s...
2026-02-20 07:55:03 |INFO |DEBUG: Tick start...
2026-02-20 07:55:03 |INFO |DEBUG: Generating signal for ARB/USDC...
2026-02-20 07:55:09 |INFO |DEBUG PRICE: ARB/USDC | Size: 90.0 | CEX 0.0963/0.0964 | DEX Buy:0.0967 Sell:0.0960 | Sprd A (C->D): -37.82bps | Sprd B (D->C): -37.16bps
2026-02-20 07:55:09 |INFO |DEBUG: No signal generated (Spread too low or negative?)
2026-02-20 07:55:09 |INFO |DEBUG: Tick end. Sleeping 1s...
2026-02-20 07:55:10 |INFO |DEBUG: Tick start...
2026-02-20 07:55:10 |INFO |DEBUG: Generating signal for ARB/USDC...
2026-02-20 07:55:14 |INFO |DEBUG PRICE: ARB/USDC | Size: 90.0 | CEX 0.0963/0.0964 | DEX Buy:0.0967 Sell:0.0960 | Sprd A (C->D): -37.82bps | Sprd B (D->C): -37.16bps
2026-02-20 07:55:14 |INFO |DEBUG: No signal generated (Spread too low or negative?)
2026-02-20 07:55:14 |INFO |DEBUG: Tick end. Sleeping 1s...
2026-02-20 07:55:15 |INFO |DEBUG: Tick start...
2026-02-20 07:55:15 |INFO |DEBUG: Generating signal for ARB/USDC...
2026-02-20 07:55:20 |INFO |DEBUG PRICE: ARB/USDC | Size: 90.0 | CEX 0.0963/0.0964 | DEX Buy:0.0967 Sell:0.0960 | Sprd A (C->D): -37.82bps | Sprd B (D->C): -37.16bps
2026-02-20 07:55:20 |INFO |DEBUG: No signal generated (Spread too low or negative?)
2026-02-20 07:55:20 |INFO |DEBUG: Tick end. Sleeping 1s...
2026-02-20 07:55:21 |INFO |DEBUG: Tick start...
2026-02-20 07:55:21 |INFO |DEBUG: Generating signal for ARB/USDC...
2026-02-20 07:55:26 |INFO |DEBUG PRICE: ARB/USDC | Size: 90.0 | CEX 0.0962/0.0963 | DEX Buy:0.0967 Sell:0.0960 | Sprd A (C->D): -27.47bps | Sprd B (D->C): -47.50bps
2026-02-20 07:55:26 |INFO |DEBUG: No signal generated (Spread too low or negative?)
2026-02-20 07:55:26 |INFO |DEBUG: Tick end. Sleeping 1s...
2026-02-20 07:55:27 |INFO |DEBUG: Tick start...
2026-02-20 07:55:27 |INFO |DEBUG: Generating signal for ARB/USDC...
2026-02-20 07:55:31 |INFO |DEBUG PRICE: ARB/USDC | Size: 90.0 | CEX 0.0962/0.0963 | DEX Buy:0.0967 Sell:0.0960 | Sprd A (C->D): -27.47bps | Sprd B (D->C): -47.50bps
2026-02-20 07:55:31 |INFO |DEBUG: No signal generated (Spread too low or negative?)
2026-02-20 07:55:31 |INFO |DEBUG: Tick end. Sleeping 1s...
2026-02-20 07:55:32 |INFO |DEBUG: Tick start...
2026-02-20 07:55:32 |INFO |DEBUG: Generating signal for ARB/USDC...
2026-02-20 07:55:35 |ERROR |Connection lost: received 1013 (try again later) Connection timeout exceeded; then sent 1013 (try again later) Connection timeout exceeded. Reconnecting in 5s...
2026-02-20 07:55:37 |INFO |DEBUG PRICE: ARB/USDC | Size: 90.0 | CEX 0.0962/0.0963 | DEX Buy:0.0967 Sell:0.0960 | Sprd A (C->D): -27.47bps | Sprd B (D->C): -47.50bps
2026-02-20 07:55:37 |INFO |DEBUG: No signal generated (Spread too low or negative?)
2026-02-20 07:55:37 |INFO |DEBUG: Tick end. Sleeping 1s...
2026-02-20 07:55:39 |INFO |DEBUG: Tick start...
2026-02-20 07:55:39 |INFO |DEBUG: Generating signal for ARB/USDC...
2026-02-20 07:55:41 |INFO |Subscription response: {"jsonrpc":"2.0","result":"0x75d7090036f0554b53eba681737d9ae4","id":1}

2026-02-20 07:55:43 |INFO |DEBUG PRICE: ARB/USDC | Size: 90.0 | CEX 0.0962/0.0963 | DEX Buy:0.0967 Sell:0.0960 | Sprd A (C->D): -27.47bps | Sprd B (D->C): -47.50bps
2026-02-20 07:55:43 |INFO |DEBUG: No signal generated (Spread too low or negative?)
2026-02-20 07:55:43 |INFO |DEBUG: Tick end. Sleeping 1s...
2026-02-20 07:55:44 |INFO |DEBUG: Tick start...
2026-02-20 07:55:44 |INFO |DEBUG: Generating signal for ARB/USDC...
2026-02-20 07:55:49 |INFO |DEBUG PRICE: ARB/USDC | Size: 90.0 | CEX 0.0962/0.0963 | DEX Buy:0.0967 Sell:0.0960 | Sprd A (C->D): -27.47bps | Sprd B (D->C): -47.50bps
2026-02-20 07:55:49 |INFO |DEBUG: No signal generated (Spread too low or negative?)
2026-02-20 07:55:49 |INFO |DEBUG: Tick end. Sleeping 1s...
2026-02-20 07:55:50 |INFO |DEBUG: Tick start...
2026-02-20 07:55:50 |INFO |DEBUG: Generating signal for ARB/USDC...
2026-02-20 07:55:54 |INFO |DEBUG PRICE: ARB/USDC | Size: 90.0 | CEX 0.0963/0.0964 | DEX Buy:0.0967 Sell:0.0960 | Sprd A (C->D): -37.82bps | Sprd B (D->C): -37.16bps
2026-02-20 07:55:54 |INFO |DEBUG: No signal generated (Spread too low or negative?)
2026-02-20 07:55:54 |INFO |DEBUG: Tick end. Sleeping 1s...
2026-02-20 07:55:55 |INFO |DEBUG: Tick start...
2026-02-20 07:55:55 |INFO |DEBUG: Generating signal for ARB/USDC...
2026-02-20 07:56:00 |INFO |DEBUG PRICE: ARB/USDC | Size: 90.0 | CEX 0.0963/0.0964 | DEX Buy:0.0967 Sell:0.0960 | Sprd A (C->D): -37.82bps | Sprd B (D->C): -37.16bps
2026-02-20 07:56:00 |INFO |DEBUG: No signal generated (Spread too low or negative?)
2026-02-20 07:56:00 |INFO |DEBUG: Tick end. Sleeping 1s...
2026-02-20 07:56:01 |INFO |DEBUG: Tick start...
2026-02-20 07:56:01 |INFO |DEBUG: Generating signal for ARB/USDC...
2026-02-20 07:56:05 |INFO |DEBUG PRICE: ARB/USDC | Size: 90.0 | CEX 0.0962/0.0963 | DEX Buy:0.0967 Sell:0.0960 | Sprd A (C->D): -27.47bps | Sprd B (D->C): -47.50bps
2026-02-20 07:56:05 |INFO |DEBUG: No signal generated (Spread too low or negative?)
2026-02-20 07:56:05 |INFO |DEBUG: Tick end. Sleeping 1s...
2026-02-20 07:56:06 |INFO |DEBUG: Tick start...
2026-02-20 07:56:06 |INFO |DEBUG: Generating signal for ARB/USDC...
2026-02-20 07:56:12 |INFO |DEBUG PRICE: ARB/USDC | Size: 90.0 | CEX 0.0962/0.0963 | DEX Buy:0.0967 Sell:0.0960 | Sprd A (C->D): -27.47bps | Sprd B (D->C): -47.50bps
2026-02-20 07:56:12 |INFO |DEBUG: No signal generated (Spread too low or negative?)
2026-02-20 07:56:12 |INFO |DEBUG: Tick end. Sleeping 1s...
2026-02-20 07:56:13 |INFO |DEBUG: Tick start...
2026-02-20 07:56:13 |INFO |DEBUG: Generating signal for ARB/USDC...
2026-02-20 07:56:17 |INFO |DEBUG PRICE: ARB/USDC | Size: 90.0 | CEX 0.0962/0.0963 | DEX Buy:0.0967 Sell:0.0960 | Sprd A (C->D): -27.47bps | Sprd B (D->C): -47.50bps
2026-02-20 07:56:17 |INFO |DEBUG: No signal generated (Spread too low or negative?)
2026-02-20 07:56:17 |INFO |DEBUG: Tick end. Sleeping 1s...
2026-02-20 07:56:18 |INFO |DEBUG: Tick start...
2026-02-20 07:56:18 |INFO |DEBUG: Generating signal for ARB/USDC...
2026-02-20 07:56:23 |INFO |DEBUG PRICE: ARB/USDC | Size: 90.0 | CEX 0.0962/0.0963 | DEX Buy:0.0967 Sell:0.0960 | Sprd A (C->D): -27.47bps | Sprd B (D->C): -47.50bps
2026-02-20 07:56:23 |INFO |DEBUG: No signal generated (Spread too low or negative?)
2026-02-20 07:56:23 |INFO |DEBUG: Tick end. Sleeping 1s...
2026-02-20 07:56:24 |INFO |DEBUG: Tick start...
2026-02-20 07:56:24 |INFO |DEBUG: Generating signal for ARB/USDC...
2026-02-20 07:56:28 |INFO |DEBUG PRICE: ARB/USDC | Size: 90.0 | CEX 0.0962/0.0963 | DEX Buy:0.0967 Sell:0.0960 | Sprd A (C->D): -27.47bps | Sprd B (D->C): -47.50bps
2026-02-20 07:56:28 |INFO |DEBUG: No signal generated (Spread too low or negative?)
2026-02-20 07:56:28 |INFO |DEBUG: Tick end. Sleeping 1s...
2026-02-20 07:56:29 |INFO |DEBUG: Tick start...
2026-02-20 07:56:29 |INFO |DEBUG: Generating signal for ARB/USDC...
2026-02-20 07:56:34 |INFO |DEBUG PRICE: ARB/USDC | Size: 90.0 | CEX 0.0962/0.0963 | DEX Buy:0.0967 Sell:0.0960 | Sprd A (C->D): -27.47bps | Sprd B (D->C): -47.50bps
2026-02-20 07:56:34 |INFO |DEBUG: No signal generated (Spread too low or negative?)
2026-02-20 07:56:34 |INFO |DEBUG: Tick end. Sleeping 1s...
2026-02-20 07:56:35 |INFO |DEBUG: Tick start...
2026-02-20 07:56:35 |INFO |DEBUG: Generating signal for ARB/USDC...
2026-02-20 07:56:39 |INFO |DEBUG PRICE: ARB/USDC | Size: 90.0 | CEX 0.0962/0.0963 | DEX Buy:0.0967 Sell:0.0960 | Sprd A (C->D): -27.47bps | Sprd B (D->C): -47.50bps
2026-02-20 07:56:39 |INFO |DEBUG: No signal generated (Spread too low or negative?)
2026-02-20 07:56:39 |INFO |DEBUG: Tick end. Sleeping 1s...
2026-02-20 07:56:40 |INFO |DEBUG: Tick start...
2026-02-20 07:56:40 |INFO |DEBUG: Generating signal for ARB/USDC...
2026-02-20 07:56:46 |INFO |DEBUG PRICE: ARB/USDC | Size: 90.0 | CEX 0.0963/0.0964 | DEX Buy:0.0967 Sell:0.0960 | Sprd A (C->D): -37.82bps | Sprd B (D->C): -37.16bps
2026-02-20 07:56:46 |INFO |DEBUG: No signal generated (Spread too low or negative?)
2026-02-20 07:56:46 |INFO |DEBUG: Tick end. Sleeping 1s...
2026-02-20 07:56:47 |INFO |DEBUG: Tick start...
2026-02-20 07:56:47 |INFO |DEBUG: Generating signal for ARB/USDC...
2026-02-20 07:56:51 |INFO |DEBUG PRICE: ARB/USDC | Size: 90.0 | CEX 0.0963/0.0964 | DEX Buy:0.0967 Sell:0.0960 | Sprd A (C->D): -37.82bps | Sprd B (D->C): -37.16bps
2026-02-20 07:56:51 |INFO |DEBUG: No signal generated (Spread too low or negative?)
2026-02-20 07:56:51 |INFO |DEBUG: Tick end. Sleeping 1s...
2026-02-20 07:56:52 |INFO |DEBUG: Tick start...
2026-02-20 07:56:52 |INFO |DEBUG: Generating signal for ARB/USDC...
